Archive member included to satisfy reference by file (symbol)

c:/rtl/7-2017-q4/bin/../lib/gcc/arm-none-eabi/7.2.1/../../../../arm-none-eabi/lib/thumb/v7e-m/fpv4-sp/softfp\libstdc++_nano.a(eh_personality.o)
                              Debug/obj/Timeout.o (__gxx_personality_v0)
c:/rtl/7-2017-q4/bin/../lib/gcc/arm-none-eabi/7.2.1/../../../../arm-none-eabi/lib/thumb/v7e-m/fpv4-sp/softfp\libstdc++_nano.a(bad_alloc.o)
                              Debug/obj/retarget.o (typeinfo for std::bad_alloc)
c:/rtl/7-2017-q4/bin/../lib/gcc/arm-none-eabi/7.2.1/../../../../arm-none-eabi/lib/thumb/v7e-m/fpv4-sp/softfp\libstdc++_nano.a(eh_call.o)
                              c:/rtl/7-2017-q4/bin/../lib/gcc/arm-none-eabi/7.2.1/../../../../arm-none-eabi/lib/thumb/v7e-m/fpv4-sp/softfp\libstdc++_nano.a(eh_personality.o) (__cxa_call_terminate)
c:/rtl/7-2017-q4/bin/../lib/gcc/arm-none-eabi/7.2.1/../../../../arm-none-eabi/lib/thumb/v7e-m/fpv4-sp/softfp\libstdc++_nano.a(eh_catch.o)
                              c:/rtl/7-2017-q4/bin/../lib/gcc/arm-none-eabi/7.2.1/../../../../arm-none-eabi/lib/thumb/v7e-m/fpv4-sp/softfp\libstdc++_nano.a(eh_call.o) (__cxa_begin_catch)
c:/rtl/7-2017-q4/bin/../lib/gcc/arm-none-eabi/7.2.1/../../../../arm-none-eabi/lib/thumb/v7e-m/fpv4-sp/softfp\libstdc++_nano.a(eh_globals.o)
                              c:/rtl/7-2017-q4/bin/../lib/gcc/arm-none-eabi/7.2.1/../../../../arm-none-eabi/lib/thumb/v7e-m/fpv4-sp/softfp\libstdc++_nano.a(eh_catch.o) (__cxa_get_globals_fast)
c:/rtl/7-2017-q4/bin/../lib/gcc/arm-none-eabi/7.2.1/../../../../arm-none-eabi/lib/thumb/v7e-m/fpv4-sp/softfp\libstdc++_nano.a(eh_terminate.o)
                              c:/rtl/7-2017-q4/bin/../lib/gcc/arm-none-eabi/7.2.1/../../../../arm-none-eabi/lib/thumb/v7e-m/fpv4-sp/softfp\libstdc++_nano.a(eh_call.o) (__cxxabiv1::__terminate(void (*)()))
c:/rtl/7-2017-q4/bin/../lib/gcc/arm-none-eabi/7.2.1/../../../../arm-none-eabi/lib/thumb/v7e-m/fpv4-sp/softfp\libstdc++_nano.a(eh_arm.o)
                              Debug/obj/Timeout.o (__cxa_end_cleanup)
c:/rtl/7-2017-q4/bin/../lib/gcc/arm-none-eabi/7.2.1/../../../../arm-none-eabi/lib/thumb/v7e-m/fpv4-sp/softfp\libstdc++_nano.a(del_ops.o)
                              c:/rtl/7-2017-q4/bin/../lib/gcc/arm-none-eabi/7.2.1/../../../../arm-none-eabi/lib/thumb/v7e-m/fpv4-sp/softfp\libstdc++_nano.a(bad_alloc.o) (operator delete(void*, unsigned int))
c:/rtl/7-2017-q4/bin/../lib/gcc/arm-none-eabi/7.2.1/../../../../arm-none-eabi/lib/thumb/v7e-m/fpv4-sp/softfp\libstdc++_nano.a(vmi_class_type_info.o)
                              Debug/obj/FileLike.o (vtable for __cxxabiv1::__vmi_class_type_info)
c:/rtl/7-2017-q4/bin/../lib/gcc/arm-none-eabi/7.2.1/../../../../arm-none-eabi/lib/thumb/v7e-m/fpv4-sp/softfp\libstdc++_nano.a(si_class_type_info.o)
                              Debug/obj/Timeout.o (vtable for __cxxabiv1::__si_class_type_info)
c:/rtl/7-2017-q4/bin/../lib/gcc/arm-none-eabi/7.2.1/../../../../arm-none-eabi/lib/thumb/v7e-m/fpv4-sp/softfp\libstdc++_nano.a(tinfo.o)
                              c:/rtl/7-2017-q4/bin/../lib/gcc/arm-none-eabi/7.2.1/../../../../arm-none-eabi/lib/thumb/v7e-m/fpv4-sp/softfp\libstdc++_nano.a(vmi_class_type_info.o) (std::type_info::__is_pointer_p() const)
c:/rtl/7-2017-q4/bin/../lib/gcc/arm-none-eabi/7.2.1/../../../../arm-none-eabi/lib/thumb/v7e-m/fpv4-sp/softfp\libstdc++_nano.a(class_type_info.o)
                              c:/rtl/7-2017-q4/bin/../lib/gcc/arm-none-eabi/7.2.1/../../../../arm-none-eabi/lib/thumb/v7e-m/fpv4-sp/softfp\libstdc++_nano.a(vmi_class_type_info.o) (__cxxabiv1::__class_type_info::__do_upcast(__cxxabiv1::__class_type_info const*, void**) const)
c:/rtl/7-2017-q4/bin/../lib/gcc/arm-none-eabi/7.2.1/../../../../arm-none-eabi/lib/thumb/v7e-m/fpv4-sp/softfp\libstdc++_nano.a(eh_exception.o)
                              c:/rtl/7-2017-q4/bin/../lib/gcc/arm-none-eabi/7.2.1/../../../../arm-none-eabi/lib/thumb/v7e-m/fpv4-sp/softfp\libstdc++_nano.a(bad_alloc.o) (std::exception::~exception())
c:/rtl/7-2017-q4/bin/../lib/gcc/arm-none-eabi/7.2.1/../../../../arm-none-eabi/lib/thumb/v7e-m/fpv4-sp/softfp\libstdc++_nano.a(eh_term_handler.o)
                              c:/rtl/7-2017-q4/bin/../lib/gcc/arm-none-eabi/7.2.1/../../../../arm-none-eabi/lib/thumb/v7e-m/fpv4-sp/softfp\libstdc++_nano.a(eh_terminate.o) (__cxxabiv1::__terminate_handler)
c:/rtl/7-2017-q4/bin/../lib/gcc/arm-none-eabi/7.2.1/../../../../arm-none-eabi/lib/thumb/v7e-m/fpv4-sp/softfp\libstdc++_nano.a(eh_unex_handler.o)
                              c:/rtl/7-2017-q4/bin/../lib/gcc/arm-none-eabi/7.2.1/../../../../arm-none-eabi/lib/thumb/v7e-m/fpv4-sp/softfp\libstdc++_nano.a(eh_terminate.o) (__cxxabiv1::__unexpected_handler)
c:/rtl/7-2017-q4/bin/../lib/gcc/arm-none-eabi/7.2.1/thumb/v7e-m/fpv4-sp/softfp\libgcc.a(_arm_addsubdf3.o)
                              Debug/obj/main.o (__aeabi_f2d)
c:/rtl/7-2017-q4/bin/../lib/gcc/arm-none-eabi/7.2.1/thumb/v7e-m/fpv4-sp/softfp\libgcc.a(_aeabi_ldivmod.o)
[...]
Memory Configuration

Name             Origin             Length             Attributes
FLASH            0x18001000         0x0007d000         xr
IRAM             0x00100080         0x0001ff80         xrw
DRAM             0x00180000         0x00010000         xrw
MACLIB_RAM       0x40100000         0x00018c00         xrw
AES_RAM          0x40118c00         0x00000400         xrw
WLAN_RAM         0x40119000         0x00007000         xrw
*default*        0x00000000         0xffffffff

Linker script and memory map

LOAD c:/rtl/7-2017-q4/bin/../lib/gcc/arm-none-eabi/7.2.1/thumb/v7e-m/fpv4-sp/softfp/crti.o
LOAD c:/rtl/7-2017-q4/bin/../lib/gcc/arm-none-eabi/7.2.1/thumb/v7e-m/fpv4-sp/softfp/crtbegin.o
LOAD c:/rtl/7-2017-q4/bin/../lib/gcc/arm-none-eabi/7.2.1/../../../../arm-none-eabi/lib/thumb/v7e-m/fpv4-sp/softfp/crt0.o
START GROUP
LOAD Debug/obj/main.o
LOAD Debug/obj/Timeout.o
LOAD Debug/obj/SPI.o
LOAD Debug/obj/TimerEvent.o
LOAD Debug/obj/InterruptManager.o
LOAD Debug/obj/AnalogIn.o
LOAD Debug/obj/LocalFileSystem.o
LOAD Debug/obj/FileLike.o
LOAD Debug/obj/BusOut.o
LOAD Debug/obj/BusIn.o
LOAD Debug/obj/InterruptIn.o
LOAD Debug/obj/SPISlave.o
LOAD Debug/obj/Ethernet.o
LOAD Debug/obj/FileBase.o
LOAD Debug/obj/FileSystemLike.o
LOAD Debug/obj/CAN.o
LOAD Debug/obj/Stream.o
LOAD Debug/obj/Timer.o
LOAD Debug/obj/FilePath.o
LOAD Debug/obj/BusInOut.o
LOAD Debug/obj/RawSerial.o
LOAD Debug/obj/I2CSlave.o
LOAD Debug/obj/mbed_rtc_time.o
LOAD Debug/obj/SerialBase.o
LOAD Debug/obj/retarget.o
LOAD Debug/obj/mbed_alloc_wrappers.o
LOAD Debug/obj/I2C.o
LOAD Debug/obj/CallChain.o
LOAD Debug/obj/Ticker.o
LOAD Debug/obj/Serial.o
LOAD Debug/obj/Mutex.o
LOAD Debug/obj/RtosTimer.o
LOAD Debug/obj/Semaphore.o
LOAD Debug/obj/Thread.o
LOAD Debug/obj/mbed_assert.o
LOAD Debug/obj/mbed_board.o
LOAD Debug/obj/mbed_error.o
LOAD Debug/obj/mbed_pinmap_common.o
LOAD Debug/obj/mbed_lp_ticker_api.o
LOAD Debug/obj/mbed_wait_api.o
LOAD Debug/obj/mbed_semihost_api.o
LOAD Debug/obj/mbed_interface.o
LOAD Debug/obj/mbed_mem_trace.o
LOAD Debug/obj/mbed_critical.o
LOAD Debug/obj/mbed_ticker_api.o
LOAD Debug/obj/mbed_us_ticker_api.o
LOAD Debug/obj/mbed_gpio.o
LOAD Debug/obj/rda_wdt_api.o
LOAD Debug/obj/pinmap.o
LOAD Debug/obj/pwmout_api.o
LOAD Debug/obj/i2c_api.o
LOAD Debug/obj/us_ticker.o
LOAD Debug/obj/mbed_overrides.o
LOAD Debug/obj/rtc_api.o
LOAD Debug/obj/serial_api.o
LOAD Debug/obj/port_api.o
LOAD Debug/obj/analogin_api.o
LOAD Debug/obj/rda_gpadc_api.o
LOAD Debug/obj/sleep.o
LOAD Debug/obj/gpio_api.o
LOAD Debug/obj/gpio_irq_api.o
LOAD Debug/obj/spi_api.o
LOAD Debug/obj/lp_ticker.o
LOAD Debug/obj/rda_exif_isr.o
LOAD Debug/obj/rda_timer_isr.o
LOAD Debug/obj/rda_i2s_api.o
LOAD Debug/obj/system_RDA5991H.o
LOAD Debug/obj/cmsis_nvic.o
LOAD Debug/obj/rda_retarget.o
LOAD Debug/obj/rtos_idle.o
LOAD Debug/obj/rt_Semaphore.o
LOAD Debug/obj/rt_Time.o
LOAD Debug/obj/rt_Mutex.o
LOAD Debug/obj/rt_Task.o
LOAD Debug/obj/rt_CMSIS.o
LOAD Debug/obj/rt_Robin.o
LOAD Debug/obj/rt_Event.o
LOAD Debug/obj/rt_Mailbox.o
LOAD Debug/obj/rt_OsEventObserver.o
LOAD Debug/obj/rt_MemBox.o
LOAD Debug/obj/rt_System.o
LOAD Debug/obj/rt_Memory.o
LOAD Debug/obj/HAL_CM.o
LOAD Debug/obj/RTX_Conf_CM.o
LOAD Debug/obj/rt_List.o
LOAD Debug/obj/rt_Timer.o
LOAD Debug/obj/startup_RDA5981A.o
LOAD Debug/obj/HAL_CM4.o
LOAD Debug/obj/SVC_Table.o
LOAD c:/rtl/7-2017-q4/bin/../lib/gcc/arm-none-eabi/7.2.1/../../../../arm-none-eabi/lib/thumb/v7e-m/fpv4-sp/softfp\libstdc++_nano.a
LOAD c:/rtl/7-2017-q4/bin/../lib/gcc/arm-none-eabi/7.2.1/../../../../arm-none-eabi/lib/thumb/v7e-m/fpv4-sp/softfp\libsupc++_nano.a
LOAD c:/rtl/7-2017-q4/bin/../lib/gcc/arm-none-eabi/7.2.1/../../../../arm-none-eabi/lib/thumb/v7e-m/fpv4-sp/softfp\libm.a
LOAD c:/rtl/7-2017-q4/bin/../lib/gcc/arm-none-eabi/7.2.1/thumb/v7e-m/fpv4-sp/softfp\libgcc.a
LOAD c:/rtl/7-2017-q4/bin/../lib/gcc/arm-none-eabi/7.2.1/../../../../arm-none-eabi/lib/thumb/v7e-m/fpv4-sp/softfp\libc_nano.a
LOAD c:/rtl/7-2017-q4/bin/../lib/gcc/arm-none-eabi/7.2.1/../../../../arm-none-eabi/lib/thumb/v7e-m/fpv4-sp/softfp\libnosys.a
LOAD SDK/hal/targets/hal/TARGET_RDA/TARGET_UNO_91H/TOOLCHAIN_GCC_ARM\libhal.a
END GROUP
START GROUP
LOAD c:/rtl/7-2017-q4/bin/../lib/gcc/arm-none-eabi/7.2.1/thumb/v7e-m/fpv4-sp/softfp\libgcc.a
LOAD c:/rtl/7-2017-q4/bin/../lib/gcc/arm-none-eabi/7.2.1/../../../../arm-none-eabi/lib/thumb/v7e-m/fpv4-sp/softfp\libg_nano.a
LOAD c:/rtl/7-2017-q4/bin/../lib/gcc/arm-none-eabi/7.2.1/../../../../arm-none-eabi/lib/thumb/v7e-m/fpv4-sp/softfp\libc_nano.a
END GROUP
START GROUP
LOAD c:/rtl/7-2017-q4/bin/../lib/gcc/arm-none-eabi/7.2.1/thumb/v7e-m/fpv4-sp/softfp\libgcc.a
LOAD c:/rtl/7-2017-q4/bin/../lib/gcc/arm-none-eabi/7.2.1/../../../../arm-none-eabi/lib/thumb/v7e-m/fpv4-sp/softfp\libc_nano.a
END GROUP
LOAD c:/rtl/7-2017-q4/bin/../lib/gcc/arm-none-eabi/7.2.1/thumb/v7e-m/fpv4-sp/softfp/crtend.o
LOAD c:/rtl/7-2017-q4/bin/../lib/gcc/arm-none-eabi/7.2.1/thumb/v7e-m/fpv4-sp/softfp/crtn.o

.text           0x18001000     0xaaa8
 *(.isr_vector)
 .isr_vector    0x18001000       0x7c Debug/obj/startup_RDA5981A.o
                0x18001000                __isr_vector
 *(.text*)
 .text          0x1800107c       0x40 c:/rtl/7-2017-q4/bin/../lib/gcc/arm-none-eabi/7.2.1/thumb/v7e-m/fpv4-sp/softfp/crtbegin.o
 .text          0x180010bc       0x74 c:/rtl/7-2017-q4/bin/../lib/gcc/arm-none-eabi/7.2.1/../../../../arm-none-eabi/lib/thumb/v7e-m/fpv4-sp/softfp/crt0.o
                0x180010bc                _start
                0x180010bc                _mainCRTStartup
 .text.startup.main
                0x18001130       0x98 Debug/obj/main.o
                0x18001130                main
 .text.startup._GLOBAL__sub_I_pwm0
                0x180011c8       0x1c Debug/obj/main.o
 .text._ZL11init_serialv
                0x180011e4       0x28 Debug/obj/retarget.o
 .text._close   0x1800120c       0x2c Debug/obj/retarget.o
                0x1800120c                _close
 .text._write   0x18001238       0x58 Debug/obj/retarget.o
                0x18001238                _write
 .text._read    0x18001290       0x44 Debug/obj/retarget.o
                0x18001290                _read
 .text._isatty  0x180012d4       0x24 Debug/obj/retarget.o
                0x180012d4                _isatty
 .text._lseek   0x180012f8       0x24 Debug/obj/retarget.o
                0x180012f8                _lseek
 .text._fstat   0x1800131c       0x1e Debug/obj/retarget.o
                0x1800131c                _fstat
 .text.software_init_hook
                0x1800133a        0x8 Debug/obj/retarget.o
                0x1800133a                software_init_hook
 .text.mbed_main
                0x18001342        0x2 Debug/obj/retarget.o
                0x18001342                mbed_main
 .text.__wrap_main
                0x18001344       0x12 Debug/obj/retarget.o
                0x18001344                __wrap_main
 .text._sbrk    0x18001356        0x4 Debug/obj/retarget.o
                0x18001356                _sbrk
 *fill*         0x1800135a        0x2 
 .text._exit    0x1800135c       0x24 Debug/obj/retarget.o
                0x1800135c                _exit
 .text.__malloc_lock
                0x18001380        0x8 Debug/obj/retarget.o
                0x18001380                __malloc_lock
 .text.__malloc_unlock
                0x18001388        0x8 Debug/obj/retarget.o
                0x18001388                __malloc_unlock
 .text._ZdlPv   0x18001390        0x8 Debug/obj/retarget.o
                0x18001390                operator delete(void*)
 .text.__wrap__malloc_r
                0x18001398        0x4 Debug/obj/mbed_alloc_wrappers.o
                0x18001398                __wrap__malloc_r
 .text.__wrap__realloc_r
                0x1800139c        0x4 Debug/obj/mbed_alloc_wrappers.o
                0x1800139c                __wrap__realloc_r
 .text.__wrap__free_r
                0x180013a0        0x4 Debug/obj/mbed_alloc_wrappers.o
                0x180013a0                __wrap__free_r
 .text.__wrap__calloc_r
                0x180013a4        0x4 Debug/obj/mbed_alloc_wrappers.o
                0x180013a4                __wrap__calloc_r
 .text._ZN4rtos6Thread4waitEm
                0x180013a8        0x4 Debug/obj/Thread.o
                0x180013a8                rtos::Thread::wait(unsigned long)
 .text.mbed_die
                0x180013ac       0x14 Debug/obj/mbed_board.o
                0x180013ac                mbed_die
 .text.mbed_error_vfprintf
                0x180013c0       0x4c Debug/obj/mbed_board.o
                0x180013c0                mbed_error_vfprintf
 .text.mbed_error_printf
                0x1800140c       0x1a Debug/obj/mbed_board.o
                0x1800140c                mbed_error_printf
 .text.error    0x18001426       0x16 Debug/obj/mbed_error.o
                0x18001426                error
 .text.pinmap_pinout
                0x1800143c       0x3c Debug/obj/mbed_pinmap_common.o
                0x1800143c                pinmap_pinout
 .text.pinmap_merge
                0x18001478       0x24 Debug/obj/mbed_pinmap_common.o
                0x18001478                pinmap_merge
 .text.pinmap_find_peripheral
                0x1800149c       0x18 Debug/obj/mbed_pinmap_common.o
                0x1800149c                pinmap_find_peripheral
 .text.pinmap_peripheral
                0x180014b4       0x20 Debug/obj/mbed_pinmap_common.o
                0x180014b4                pinmap_peripheral
 .text.pinmap_find_function
                0x180014d4       0x18 Debug/obj/mbed_pinmap_common.o
                0x180014d4                pinmap_find_function
 .text.pinmap_function
                0x180014ec       0x20 Debug/obj/mbed_pinmap_common.o
                0x180014ec                pinmap_function
 .text.lp_ticker_irq_handler
                0x1800150c        0xc Debug/obj/mbed_lp_ticker_api.o
                0x1800150c                lp_ticker_irq_handler
 .text.wait_us  0x18001518       0x16 Debug/obj/mbed_wait_api.o
                0x18001518                wait_us
 .text.wait_ms  0x1800152e        0xa Debug/obj/mbed_wait_api.o
                0x1800152e                wait_ms
 .text.core_util_are_interrupts_enabled
                0x18001538        0xc Debug/obj/mbed_critical.o
                0x18001538                core_util_are_interrupts_enabled
 .text.core_util_critical_section_enter
                0x18001544       0x2c Debug/obj/mbed_critical.o
                0x18001544                core_util_critical_section_enter
 .text.core_util_critical_section_exit
                0x18001570       0x28 Debug/obj/mbed_critical.o
                0x18001570                core_util_critical_section_exit
 .text.ticker_irq_handler
                0x18001598       0x48 Debug/obj/mbed_ticker_api.o
                0x18001598                ticker_irq_handler
 .text.us_ticker_irq_handler
                0x180015e0        0xc Debug/obj/mbed_us_ticker_api.o
                0x180015e0                us_ticker_irq_handler
 .text._gpio_init_in
                0x180015ec       0x26 Debug/obj/mbed_gpio.o
 .text.gpio_init_in
                0x18001612        0x6 Debug/obj/mbed_gpio.o
                0x18001612                gpio_init_in
 .text.gpio_init_out_ex
                0x18001618       0x30 Debug/obj/mbed_gpio.o
                0x18001618                gpio_init_out_ex
 .text.gpio_init_out
                0x18001648        0x6 Debug/obj/mbed_gpio.o
                0x18001648                gpio_init_out
 *fill*         0x1800164e        0x2 
 .text.pin_function
                0x18001650       0x90 Debug/obj/pinmap.o
                0x18001650                pin_function
 .text.pin_mode
                0x180016e0        0x2 Debug/obj/pinmap.o
                0x180016e0                pin_mode
 *fill*         0x180016e2        0x2 
 .text.pwmout_start
                0x180016e4       0x7c Debug/obj/pwmout_api.o
 .text.is_pwmout_started
                0x18001760       0x3c Debug/obj/pwmout_api.o
 .text.pwmout_update_cfgreg
                0x1800179c       0x74 Debug/obj/pwmout_api.o
 .text.pwmout_stop
                0x18001810       0x5c Debug/obj/pwmout_api.o
 .text.pwmout_write
                0x1800186c       0x78 Debug/obj/pwmout_api.o
                0x1800186c                pwmout_write
 .text.pwmout_read
                0x180018e4       0x2c Debug/obj/pwmout_api.o
                0x180018e4                pwmout_read
 .text.pwmout_period_us
                0x18001910       0x78 Debug/obj/pwmout_api.o
                0x18001910                pwmout_period_us
 .text.pwmout_period_ms
                0x18001988        0xa Debug/obj/pwmout_api.o
                0x18001988                pwmout_period_ms
 *fill*         0x18001992        0x2 
 .text.pwmout_init
                0x18001994       0x88 Debug/obj/pwmout_api.o
                0x18001994                pwmout_init
 .text.us_ticker_init
                0x18001a1c       0xd4 Debug/obj/us_ticker.o
                0x18001a1c                us_ticker_init
 .text.us_ticker_read
                0x18001af0       0x64 Debug/obj/us_ticker.o
                0x18001af0                us_ticker_read
 .text.us_ticker_set_interrupt
                0x18001b54       0x70 Debug/obj/us_ticker.o
                0x18001b54                us_ticker_set_interrupt
 .text.us_ticker_disable_interrupt
                0x18001bc4       0x10 Debug/obj/us_ticker.o
                0x18001bc4                us_ticker_disable_interrupt
 .text.us_ticker_clear_interrupt
                0x18001bd4       0x14 Debug/obj/us_ticker.o
                0x18001bd4                us_ticker_clear_interrupt
 .text.mbed_sdk_init
                0x18001be8       0x1c Debug/obj/mbed_overrides.o
                0x18001be8                mbed_sdk_init
 .text.rtc_base_update
                0x18001c04       0x4c Debug/obj/rtc_api.o
                0x18001c04                rtc_base_update
 .text.uart_irq
                0x18001c50       0x98 Debug/obj/serial_api.o
 .text.uart0_irq
                0x18001ce8       0x14 Debug/obj/serial_api.o
                0x18001ce8                uart0_irq
 .text.uart1_irq
                0x18001cfc       0x14 Debug/obj/serial_api.o
                0x18001cfc                uart1_irq
 .text.serial_irq_set_internal
                0x18001d10       0xa4 Debug/obj/serial_api.o
 .text.serial_baud
                0x18001db4       0x44 Debug/obj/serial_api.o
                0x18001db4                serial_baud
 .text.serial_format
                0x18001df8       0x3c Debug/obj/serial_api.o
                0x18001df8                serial_format
 .text.serial_getc
                0x18001e34       0x40 Debug/obj/serial_api.o
                0x18001e34                serial_getc
 .text.serial_writable
                0x18001e74       0x40 Debug/obj/serial_api.o
                0x18001e74                serial_writable
 .text.serial_putc
                0x18001eb4       0x16 Debug/obj/serial_api.o
                0x18001eb4                serial_putc
 *fill*         0x18001eca        0x2 
 .text.serial_set_flow_control
                0x18001ecc       0xf4 Debug/obj/serial_api.o
                0x18001ecc                serial_set_flow_control
 .text.serial_init
                0x18001fc0      0x110 Debug/obj/serial_api.o
                0x18001fc0                serial_init
 .text.sleep    0x180020d0        0x4 Debug/obj/sleep.o
                0x180020d0                sleep
 .text.gpio_set
                0x180020d4       0x2c Debug/obj/gpio_api.o
                0x180020d4                gpio_set
 .text.gpio_init
                0x18002100       0x44 Debug/obj/gpio_api.o
                0x18002100                gpio_init
 .text.gpio_mode
                0x18002144        0x8 Debug/obj/gpio_api.o
                0x18002144                gpio_mode
 .text.gpio_dir
                0x1800214c       0x44 Debug/obj/gpio_api.o
                0x1800214c                gpio_dir
 .text.lp_ticker_init
                0x18002190       0x40 Debug/obj/lp_ticker.o
                0x18002190                lp_ticker_init
 .text.lp_ticker_read
                0x180021d0       0x18 Debug/obj/lp_ticker.o
                0x180021d0                lp_ticker_read
 .text.lp_ticker_set_interrupt
                0x180021e8       0x7c Debug/obj/lp_ticker.o
                0x180021e8                lp_ticker_set_interrupt
 .text.lp_ticker_disable_interrupt
                0x18002264       0x10 Debug/obj/lp_ticker.o
                0x18002264                lp_ticker_disable_interrupt
 .text.lp_ticker_clear_interrupt
                0x18002274       0x1c Debug/obj/lp_ticker.o
                0x18002274                lp_ticker_clear_interrupt
 .text.rda_timer_isr
                0x18002290       0x40 Debug/obj/rda_timer_isr.o
 .text.rda_timer_irq_set
                0x180022d0       0x30 Debug/obj/rda_timer_isr.o
                0x180022d0                rda_timer_irq_set
 .text.SystemCoreClockUpdate
                0x18002300       0x40 Debug/obj/system_RDA5991H.o
                0x18002300                SystemCoreClockUpdate
 .text.SystemInit
                0x18002340       0x34 Debug/obj/system_RDA5991H.o
                0x18002340                SystemInit
 .text.__NVIC_SetVector
                0x18002374       0x44 Debug/obj/cmsis_nvic.o
                0x18002374                __NVIC_SetVector
 .text.stack_dump
                0x180023b8       0x44 Debug/obj/cmsis_nvic.o
                0x180023b8                stack_dump
 .text.show_regs
                0x180023fc      0x32c Debug/obj/cmsis_nvic.o
 .text.NMI_Handler
                0x18002728        0xc Debug/obj/cmsis_nvic.o
                0x18002728                NMI_Handler
 .text.HardFault_Handler_C
                0x18002734       0x30 Debug/obj/cmsis_nvic.o
                0x18002734                HardFault_Handler_C
 .text.MemManage_Handler_C
                0x18002764       0x20 Debug/obj/cmsis_nvic.o
                0x18002764                MemManage_Handler_C
 .text.BusFault_Handler_C
                0x18002784       0x20 Debug/obj/cmsis_nvic.o
                0x18002784                BusFault_Handler_C
 .text.UsageFault_Handler_C
                0x180027a4       0x20 Debug/obj/cmsis_nvic.o
                0x180027a4                UsageFault_Handler_C
 .text.HardFault_Handler
                0x180027c4       0x1a Debug/obj/cmsis_nvic.o
                0x180027c4                HardFault_Handler
 .text.MemManage_Handler
                0x180027de       0x1a Debug/obj/cmsis_nvic.o
                0x180027de                MemManage_Handler
 .text.BusFault_Handler
                0x180027f8       0x1a Debug/obj/cmsis_nvic.o
                0x180027f8                BusFault_Handler
 .text.UsageFault_Handler
                0x18002812       0x1a Debug/obj/cmsis_nvic.o
                0x18002812                UsageFault_Handler
 .text.__wrap__sbrk
                0x1800282c       0x30 Debug/obj/rda_retarget.o
                0x1800282c                __wrap__sbrk
 .text.default_idle_hook
                0x1800285c        0x4 Debug/obj/rtos_idle.o
 .text.rtos_idle_loop
                0x18002860       0x10 Debug/obj/rtos_idle.o
                0x18002860                rtos_idle_loop
 .text.rt_sem_psh
                0x18002870       0x34 Debug/obj/rt_Semaphore.o
                0x18002870                rt_sem_psh
 .text.rt_dly_wait
                0x180028a4        0x6 Debug/obj/rt_Time.o
                0x180028a4                rt_dly_wait
 .text.rt_mut_init
                0x180028aa       0x10 Debug/obj/rt_Mutex.o
                0x180028aa                rt_mut_init
 *fill*         0x180028ba        0x2 
 .text.rt_mut_release
                0x180028bc       0xe8 Debug/obj/rt_Mutex.o
                0x180028bc                rt_mut_release
 .text.rt_mut_wait
                0x180029a4       0x5c Debug/obj/rt_Mutex.o
                0x180029a4                rt_mut_wait
 .text.rt_switch_req
                0x18002a00       0x20 Debug/obj/rt_Task.o
                0x18002a00                rt_switch_req
 .text.rt_dispatch.part.0
                0x18002a20       0x14 Debug/obj/rt_Task.o
 .text.rt_dispatch
                0x18002a34       0x48 Debug/obj/rt_Task.o
                0x18002a34                rt_dispatch
 .text.rt_block
                0x18002a7c       0x34 Debug/obj/rt_Task.o
                0x18002a7c                rt_block
 .text.rt_tsk_self
                0x18002ab0       0x10 Debug/obj/rt_Task.o
                0x18002ab0                rt_tsk_self
 .text.rt_tsk_prio
                0x18002ac0       0x80 Debug/obj/rt_Task.o
                0x18002ac0                rt_tsk_prio
 .text.rt_tsk_create
                0x18002b40       0xa4 Debug/obj/rt_Task.o
                0x18002b40                rt_tsk_create
 .text.rt_tsk_delete
                0x18002be4      0x158 Debug/obj/rt_Task.o
                0x18002be4                rt_tsk_delete
 .text.rt_sys_init
                0x18002d3c       0xe4 Debug/obj/rt_Task.o
                0x18002d3c                rt_sys_init
 .text.rt_sys_start
                0x18002e20       0x8c Debug/obj/rt_Task.o
                0x18002e20                rt_sys_start
 .text.osThreadExit
                0x18002eac       0x18 Debug/obj/rt_CMSIS.o
                0x18002eac                osThreadExit
 .text.rt_timer_insert
                0x18002ec4       0x34 Debug/obj/rt_CMSIS.o
 .text.rt_ms2tick
                0x18002ef8       0x40 Debug/obj/rt_CMSIS.o
 .text.rt_tid2ptcb
                0x18002f38       0x14 Debug/obj/rt_CMSIS.o
                0x18002f38                rt_tid2ptcb
 .text.svcKernelStart
                0x18002f4c       0x44 Debug/obj/rt_CMSIS.o
                0x18002f4c                svcKernelStart
 .text.svcKernelRunning
                0x18002f90        0xc Debug/obj/rt_CMSIS.o
                0x18002f90                svcKernelRunning
 .text.osKernelRunning
                0x18002f9c       0x28 Debug/obj/rt_CMSIS.o
                0x18002f9c                osKernelRunning
 .text.osKernelStart
                0x18002fc4       0x88 Debug/obj/rt_CMSIS.o
                0x18002fc4                osKernelStart
 .text.svcThreadCreate
                0x1800304c       0x6c Debug/obj/rt_CMSIS.o
                0x1800304c                svcThreadCreate
 .text.svcThreadGetId
                0x180030b8       0x18 Debug/obj/rt_CMSIS.o
                0x180030b8                svcThreadGetId
 .text.svcThreadTerminate
                0x180030d0       0x30 Debug/obj/rt_CMSIS.o
                0x180030d0                svcThreadTerminate
 .text.osThreadContextCreate
                0x18003100       0x40 Debug/obj/rt_CMSIS.o
                0x18003100                osThreadContextCreate
 .text.osThreadCreate
                0x18003140        0x6 Debug/obj/rt_CMSIS.o
                0x18003140                osThreadCreate
 .text.svcDelay
                0x18003146       0x10 Debug/obj/rt_CMSIS.o
                0x18003146                svcDelay
 *fill*         0x18003156        0x2 
 .text.osDelay  0x18003158       0x18 Debug/obj/rt_CMSIS.o
                0x18003158                osDelay
 .text.svcTimerCall
                0x18003170       0x1a Debug/obj/rt_CMSIS.o
                0x18003170                svcTimerCall
 *fill*         0x1800318a        0x2 
 .text.sysUserTimerWakeupTime
                0x1800318c       0x14 Debug/obj/rt_CMSIS.o
                0x1800318c                sysUserTimerWakeupTime
 .text.osTimerCall
                0x180031a0       0x18 Debug/obj/rt_CMSIS.o
                0x180031a0                osTimerCall
 .text.svcMutexCreate
                0x180031b8       0x1a Debug/obj/rt_CMSIS.o
                0x180031b8                svcMutexCreate
 .text.svcMutexWait
                0x180031d2       0x38 Debug/obj/rt_CMSIS.o
                0x180031d2                svcMutexWait
 .text.svcMutexRelease
                0x1800320a       0x20 Debug/obj/rt_CMSIS.o
                0x1800320a                svcMutexRelease
 *fill*         0x1800322a        0x2 
 .text.osMutexCreate
                0x1800322c       0x38 Debug/obj/rt_CMSIS.o
                0x1800322c                osMutexCreate
 .text.osMutexWait
                0x18003264       0x18 Debug/obj/rt_CMSIS.o
                0x18003264                osMutexWait
 .text.osMutexRelease
                0x1800327c       0x18 Debug/obj/rt_CMSIS.o
                0x1800327c                osMutexRelease
 .text.svcMessageCreate
                0x18003294       0x24 Debug/obj/rt_CMSIS.o
                0x18003294                svcMessageCreate
 .text.svcKernelInitialize
                0x180032b8       0x5c Debug/obj/rt_CMSIS.o
                0x180032b8                svcKernelInitialize
 .text.osKernelInitialize
                0x18003314       0x28 Debug/obj/rt_CMSIS.o
                0x18003314                osKernelInitialize
 .text.svcMessageGet
                0x1800333c       0x66 Debug/obj/rt_CMSIS.o
                0x1800333c                svcMessageGet
 .text.isrMessagePut
                0x180033a2       0x2c Debug/obj/rt_CMSIS.o
                0x180033a2                isrMessagePut
 *fill*         0x180033ce        0x2 
 .text.sysTimerTick
                0x180033d0       0x50 Debug/obj/rt_CMSIS.o
                0x180033d0                sysTimerTick
 .text.sysUserTimerUpdate
                0x18003420       0x28 Debug/obj/rt_CMSIS.o
                0x18003420                sysUserTimerUpdate
 .text.isrMessageGet
                0x18003448       0x3a Debug/obj/rt_CMSIS.o
                0x18003448                isrMessageGet
 *fill*         0x18003482        0x2 
 .text.osMessageGet
                0x18003484       0x28 Debug/obj/rt_CMSIS.o
                0x18003484                osMessageGet
 .text.osTimerThread
                0x180034ac       0x30 Debug/obj/rt_CMSIS.o
                0x180034ac                osTimerThread
 .text.os_suspend
                0x180034dc       0x10 Debug/obj/rt_CMSIS.o
                0x180034dc                os_suspend
 .text.os_resume
                0x180034ec       0x10 Debug/obj/rt_CMSIS.o
                0x180034ec                os_resume
 .text.rt_init_robin
                0x180034fc       0x18 Debug/obj/rt_Robin.o
                0x180034fc                rt_init_robin
 .text.rt_chk_robin
                0x18003514       0x48 Debug/obj/rt_Robin.o
                0x18003514                rt_chk_robin
 .text.rt_evt_psh
                0x1800355c       0x54 Debug/obj/rt_Event.o
                0x1800355c                rt_evt_psh
 .text.rt_mbx_init
                0x180035b0       0x16 Debug/obj/rt_Mailbox.o
                0x180035b0                rt_mbx_init
 *fill*         0x180035c6        0x2 
 .text.rt_mbx_wait
                0x180035c8       0xa4 Debug/obj/rt_Mailbox.o
                0x180035c8                rt_mbx_wait
 .text.rt_mbx_check
                0x1800366c        0x8 Debug/obj/rt_Mailbox.o
                0x1800366c                rt_mbx_check
 .text.isr_mbx_send
                0x18003674        0xe Debug/obj/rt_Mailbox.o
                0x18003674                isr_mbx_send
 .text.isr_mbx_receive
                0x18003682       0x4a Debug/obj/rt_Mailbox.o
                0x18003682                isr_mbx_receive
 .text.rt_mbx_psh
                0x180036cc       0xe0 Debug/obj/rt_Mailbox.o
                0x180036cc                rt_mbx_psh
 .text._init_box
                0x180037ac       0x4a Debug/obj/rt_MemBox.o
                0x180037ac                _init_box
 .text.rt_alloc_box
                0x180037f6       0x1a Debug/obj/rt_MemBox.o
                0x180037f6                rt_alloc_box
 .text.rt_free_box
                0x18003810       0x28 Debug/obj/rt_MemBox.o
                0x18003810                rt_free_box
 .text.rt_tsk_lock
                0x18003838       0x60 Debug/obj/rt_System.o
                0x18003838                rt_tsk_lock
 .text.rt_suspend
                0x18003898       0x24 Debug/obj/rt_System.o
                0x18003898                rt_suspend
 .text.rt_tsk_unlock
                0x180038bc       0x6c Debug/obj/rt_System.o
                0x180038bc                rt_tsk_unlock
 .text.rt_resume
                0x18003928       0x90 Debug/obj/rt_System.o
                0x18003928                rt_resume
 .text.rt_psh_req
                0x180039b8       0x24 Debug/obj/rt_System.o
                0x180039b8                rt_psh_req
 .text.rt_pop_req
                0x180039dc       0x70 Debug/obj/rt_System.o
                0x180039dc                rt_pop_req
 .text.os_tick_init
                0x18003a4c       0x30 Debug/obj/rt_System.o
                0x18003a4c                os_tick_init
 .text.os_tick_irqack
                0x18003a7c        0x2 Debug/obj/rt_System.o
                0x18003a7c                os_tick_irqack
 *fill*         0x18003a7e        0x2 
 .text.rt_systick
                0x18003a80       0x40 Debug/obj/rt_System.o
                0x18003a80                rt_systick
 .text.rt_stk_check
                0x18003ac0       0x24 Debug/obj/rt_System.o
                0x18003ac0                rt_stk_check
 .text.rt_init_stack
                0x18003ae4       0x94 Debug/obj/HAL_CM.o
                0x18003ae4                rt_init_stack
 .text.rt_ret_val
                0x18003b78       0x12 Debug/obj/HAL_CM.o
                0x18003b78                rt_ret_val
 .text.rt_ret_val2
                0x18003b8a       0x14 Debug/obj/HAL_CM.o
                0x18003b8a                rt_ret_val2
 *fill*         0x18003b9e        0x2 
 .text.pre_main
                0x18003ba0       0x54 Debug/obj/RTX_Conf_CM.o
                0x18003ba0                pre_main
 .text.os_idle_demon
                0x18003bf4        0x4 Debug/obj/RTX_Conf_CM.o
                0x18003bf4                os_idle_demon
 .text.os_error
                0x18003bf8       0x1c Debug/obj/RTX_Conf_CM.o
                0x18003bf8                os_error
 .text.set_stack_heap
                0x18003c14       0x44 Debug/obj/RTX_Conf_CM.o
                0x18003c14                set_stack_heap
 .text.software_init_hook_rtos
                0x18003c58       0x1c Debug/obj/RTX_Conf_CM.o
                0x18003c58                software_init_hook_rtos
 .text.__rtos_malloc_lock
                0x18003c74       0x10 Debug/obj/RTX_Conf_CM.o
                0x18003c74                __rtos_malloc_lock
 .text.__rtos_malloc_unlock
                0x18003c84        0xc Debug/obj/RTX_Conf_CM.o
                0x18003c84                __rtos_malloc_unlock
 .text.rt_put_prio
                0x18003c90       0x30 Debug/obj/rt_List.o
                0x18003c90                rt_put_prio
 .text.rt_get_first
                0x18003cc0       0x24 Debug/obj/rt_List.o
                0x18003cc0                rt_get_first
 .text.rt_put_rdy_first
                0x18003ce4       0x14 Debug/obj/rt_List.o
                0x18003ce4                rt_put_rdy_first
 .text.rt_put_dly
                0x18003cf8       0x48 Debug/obj/rt_List.o
                0x18003cf8                rt_put_dly
 .text.rt_dec_dly
                0x18003d40       0x74 Debug/obj/rt_List.o
                0x18003d40                rt_dec_dly
 .text.rt_rmv_list
                0x18003db4       0x2c Debug/obj/rt_List.o
                0x18003db4                rt_rmv_list
 .text.rt_resort_prio
                0x18003de0       0x30 Debug/obj/rt_List.o
                0x18003de0                rt_resort_prio
 .text.rt_rmv_dly
                0x18003e10       0x26 Debug/obj/rt_List.o
                0x18003e10                rt_rmv_dly
 *fill*         0x18003e36        0x2 
 .text.rt_psq_enq
                0x18003e38       0x44 Debug/obj/rt_List.o
                0x18003e38                rt_psq_enq
 .text          0x18003e7c       0x64 Debug/obj/startup_RDA5981A.o
                0x18003e7c                Reset_Handler
                0x18003ed8                DebugMon_Handler
                0x18003ede                MACHW_IRQHandler
                0x18003ede                AHBDMA_IRQHandler
                0x18003ede                SDIO_IRQHandler
                0x18003ede                UART1_IRQHandler
                0x18003ede                UART0_IRQHandler
                0x18003ede                SDMMC_IRQHandler
                0x18003ede                TIMER0_IRQHandler
                0x18003ede                GPIO_IRQHandler
                0x18003ede                Default_Handler
                0x18003ede                SPIFLASH_IRQHandler
                0x18003ede                EXIF_IRQHandler
                0x18003ede                USB_IRQHandler
                0x18003ede                I2C_IRQHandler
                0x18003ede                PTA_IRQHandler
                0x18003ede                PSRAM_IRQHandler
                0x18003ede                USBDMA_IRQHandler
 .text          0x18003ee0      0x188 Debug/obj/HAL_CM4.o
                0x18003ee0                rt_set_PSP
                0x18003ee6                rt_get_PSP
                0x18003eec                os_set_env
                0x18003f04                _alloc_box
                0x18003f20                _free_box
                0x18003f3c                SVC_Handler
                0x18003fda                PendSV_Handler
                0x18003fe0                Sys_Switch
                0x18004032                SysTick_Handler
                0x1800403c                OS_Tick_Handler
 .text._ZN10__cxxabiv1L24__is_gxx_exception_classEPc
                0x18004068       0x3a c:/rtl/7-2017-q4/bin/../lib/gcc/arm-none-eabi/7.2.1/../../../../arm-none-eabi/lib/thumb/v7e-m/fpv4-sp/softfp\libstdc++_nano.a(eh_call.o)
 .text.__cxa_call_unexpected
                0x180040a2       0x28 c:/rtl/7-2017-q4/bin/../lib/gcc/arm-none-eabi/7.2.1/../../../../arm-none-eabi/lib/thumb/v7e-m/fpv4-sp/softfp\libstdc++_nano.a(eh_call.o)
                0x180040a2                __cxa_call_unexpected
 .text._ZN10__cxxabiv1L24__is_gxx_exception_classEPc
                0x180040ca       0x3a c:/rtl/7-2017-q4/bin/../lib/gcc/arm-none-eabi/7.2.1/../../../../arm-none-eabi/lib/thumb/v7e-m/fpv4-sp/softfp\libstdc++_nano.a(eh_catch.o)
 .text.__cxa_begin_catch
                0x18004104       0x54 c:/rtl/7-2017-q4/bin/../lib/gcc/arm-none-eabi/7.2.1/../../../../arm-none-eabi/lib/thumb/v7e-m/fpv4-sp/softfp\libstdc++_nano.a(eh_catch.o)
                0x18004104                __cxa_begin_catch
 .text.__cxa_get_globals
                0x18004158        0x8 c:/rtl/7-2017-q4/bin/../lib/gcc/arm-none-eabi/7.2.1/../../../../arm-none-eabi/lib/thumb/v7e-m/fpv4-sp/softfp\libstdc++_nano.a(eh_globals.o)
                0x18004158                __cxa_get_globals
 .text._ZN10__cxxabiv111__terminateEPFvvE
                0x18004160        0x8 c:/rtl/7-2017-q4/bin/../lib/gcc/arm-none-eabi/7.2.1/../../../../arm-none-eabi/lib/thumb/v7e-m/fpv4-sp/softfp\libstdc++_nano.a(eh_terminate.o)
                0x18004160                __cxxabiv1::__terminate(void (*)())
 .text._ZSt13get_terminatev
                0x18004168       0x10 c:/rtl/7-2017-q4/bin/../lib/gcc/arm-none-eabi/7.2.1/../../../../arm-none-eabi/lib/thumb/v7e-m/fpv4-sp/softfp\libstdc++_nano.a(eh_terminate.o)
                0x18004168                std::get_terminate()
 .text._ZSt9terminatev
                0x18004178        0xa c:/rtl/7-2017-q4/bin/../lib/gcc/arm-none-eabi/7.2.1/../../../../arm-none-eabi/lib/thumb/v7e-m/fpv4-sp/softfp\libstdc++_nano.a(eh_terminate.o)
                0x18004178                std::terminate()
 .text._ZN10__cxxabiv112__unexpectedEPFvvE
                0x18004182        0x8 c:/rtl/7-2017-q4/bin/../lib/gcc/arm-none-eabi/7.2.1/../../../../arm-none-eabi/lib/thumb/v7e-m/fpv4-sp/softfp\libstdc++_nano.a(eh_terminate.o)
                0x18004182                __cxxabiv1::__unexpected(void (*)())
 *fill*         0x1800418a        0x2 
 .text._ZSt14get_unexpectedv
                0x1800418c       0x10 c:/rtl/7-2017-q4/bin/../lib/gcc/arm-none-eabi/7.2.1/../../../../arm-none-eabi/lib/thumb/v7e-m/fpv4-sp/softfp\libstdc++_nano.a(eh_terminate.o)
                0x1800418c                std::get_unexpected()
 .text._ZSt10unexpectedv
                0x1800419c        0xa c:/rtl/7-2017-q4/bin/../lib/gcc/arm-none-eabi/7.2.1/../../../../arm-none-eabi/lib/thumb/v7e-m/fpv4-sp/softfp\libstdc++_nano.a(eh_terminate.o)
                0x1800419c                std::unexpected()
 .text._ZN10__cxxabiv1L24__is_gxx_exception_classEPc
                0x180041a6       0x3a c:/rtl/7-2017-q4/bin/../lib/gcc/arm-none-eabi/7.2.1/../../../../arm-none-eabi/lib/thumb/v7e-m/fpv4-sp/softfp\libstdc++_nano.a(eh_arm.o)
 .text.__cxa_type_match
                0x180041e0       0xbc c:/rtl/7-2017-q4/bin/../lib/gcc/arm-none-eabi/7.2.1/../../../../arm-none-eabi/lib/thumb/v7e-m/fpv4-sp/softfp\libstdc++_nano.a(eh_arm.o)
                0x180041e0                __cxa_type_match
 .text.__cxa_begin_cleanup
                0x1800429c       0x3a c:/rtl/7-2017-q4/bin/../lib/gcc/arm-none-eabi/7.2.1/../../../../arm-none-eabi/lib/thumb/v7e-m/fpv4-sp/softfp\libstdc++_nano.a(eh_arm.o)
                0x1800429c                __cxa_begin_cleanup
 .text._ZdlPvj  0x180042d6        0x4 c:/rtl/7-2017-q4/bin/../lib/gcc/arm-none-eabi/7.2.1/../../../../arm-none-eabi/lib/thumb/v7e-m/fpv4-sp/softfp\libstdc++_nano.a(del_ops.o)
                0x180042d6                operator delete(void*, unsigned int)
 *fill*         0x180042da        0x2 
 .text._ZN10__cxxabiv120__si_class_type_infoD2Ev
                0x180042dc       0x14 c:/rtl/7-2017-q4/bin/../lib/gcc/arm-none-eabi/7.2.1/../../../../arm-none-eabi/lib/thumb/v7e-m/fpv4-sp/softfp\libstdc++_nano.a(si_class_type_info.o)
                0x180042dc                __cxxabiv1::__si_class_type_info::~__si_class_type_info()
                0x180042dc                __cxxabiv1::__si_class_type_info::~__si_class_type_info()
 .text._ZN10__cxxabiv120__si_class_type_infoD0Ev
                0x180042f0       0x14 c:/rtl/7-2017-q4/bin/../lib/gcc/arm-none-eabi/7.2.1/../../../../arm-none-eabi/lib/thumb/v7e-m/fpv4-sp/softfp\libstdc++_nano.a(si_class_type_info.o)
                0x180042f0                __cxxabiv1::__si_class_type_info::~__si_class_type_info()
 .text._ZNK10__cxxabiv120__si_class_type_info20__do_find_public_srcEiPKvPKNS_17__class_type_infoES2_
                0x18004304       0x38 c:/rtl/7-2017-q4/bin/../lib/gcc/arm-none-eabi/7.2.1/../../../../arm-none-eabi/lib/thumb/v7e-m/fpv4-sp/softfp\libstdc++_nano.a(si_class_type_info.o)
                0x18004304                __cxxabiv1::__si_class_type_info::__do_find_public_src(int, void const*, __cxxabiv1::__class_type_info const*, void const*) const
 .text._ZNK10__cxxabiv120__si_class_type_info12__do_dyncastEiNS_17__class_type_info10__sub_kindEPKS1_PKvS4_S6_RNS1_16__dyncast_resultE
                0x1800433c       0x74 c:/rtl/7-2017-q4/bin/../lib/gcc/arm-none-eabi/7.2.1/../../../../arm-none-eabi/lib/thumb/v7e-m/fpv4-sp/softfp\libstdc++_nano.a(si_class_type_info.o)
                0x1800433c                __cxxabiv1::__si_class_type_info::__do_dyncast(int, __cxxabiv1::__class_type_info::__sub_kind, __cxxabiv1::__class_type_info const*, void const*, __cxxabiv1::__class_type_info const*, void const*, __cxxabiv1::__class_type_info::__dyncast_result&) const
 .text._ZNK10__cxxabiv120__si_class_type_info11__do_upcastEPKNS_17__class_type_infoEPKvRNS1_15__upcast_resultE
                0x180043b0       0x2a c:/rtl/7-2017-q4/bin/../lib/gcc/arm-none-eabi/7.2.1/../../../../arm-none-eabi/lib/thumb/v7e-m/fpv4-sp/softfp\libstdc++_nano.a(si_class_type_info.o)
                0x180043b0                __cxxabiv1::__si_class_type_info::__do_upcast(__cxxabiv1::__class_type_info const*, void const*, __cxxabiv1::__class_type_info::__upcast_result&) const
 .text._ZNSt9type_infoD2Ev
                0x180043da        0x2 c:/rtl/7-2017-q4/bin/../lib/gcc/arm-none-eabi/7.2.1/../../../../arm-none-eabi/lib/thumb/v7e-m/fpv4-sp/softfp\libstdc++_nano.a(tinfo.o)
                0x180043da                std::type_info::~type_info()
                0x180043da                std::type_info::~type_info()
 .text._ZNKSt9type_info14__is_pointer_pEv
                0x180043dc        0x4 c:/rtl/7-2017-q4/bin/../lib/gcc/arm-none-eabi/7.2.1/../../../../arm-none-eabi/lib/thumb/v7e-m/fpv4-sp/softfp\libstdc++_nano.a(tinfo.o)
                0x180043dc                std::type_info::__is_pointer_p() const
                0x180043dc                std::type_info::__is_function_p() const
 .text._ZNKSt9type_infoeqERKS_
                0x180043e0       0x2c c:/rtl/7-2017-q4/bin/../lib/gcc/arm-none-eabi/7.2.1/../../../../arm-none-eabi/lib/thumb/v7e-m/fpv4-sp/softfp\libstdc++_nano.a(tinfo.o)
                0x180043e0                std::type_info::operator==(std::type_info const&) const
 .text._ZNK10__cxxabiv117__class_type_info11__do_upcastEPKS0_PPv
                0x1800440c       0x34 c:/rtl/7-2017-q4/bin/../lib/gcc/arm-none-eabi/7.2.1/../../../../arm-none-eabi/lib/thumb/v7e-m/fpv4-sp/softfp\libstdc++_nano.a(class_type_info.o)
                0x1800440c                __cxxabiv1::__class_type_info::__do_upcast(__cxxabiv1::__class_type_info const*, void**) const
 .text._ZNK10__cxxabiv117__class_type_info20__do_find_public_srcEiPKvPKS0_S2_
                0x18004440        0xc c:/rtl/7-2017-q4/bin/../lib/gcc/arm-none-eabi/7.2.1/../../../../arm-none-eabi/lib/thumb/v7e-m/fpv4-sp/softfp\libstdc++_nano.a(class_type_info.o)
                0x18004440                __cxxabiv1::__class_type_info::__do_find_public_src(int, void const*, __cxxabiv1::__class_type_info const*, void const*) const
 .text._ZN10__cxxabiv117__class_type_infoD2Ev
                0x1800444c       0x14 c:/rtl/7-2017-q4/bin/../lib/gcc/arm-none-eabi/7.2.1/../../../../arm-none-eabi/lib/thumb/v7e-m/fpv4-sp/softfp\libstdc++_nano.a(class_type_info.o)
                0x1800444c                __cxxabiv1::__class_type_info::~__class_type_info()
                0x1800444c                __cxxabiv1::__class_type_info::~__class_type_info()
 .text._ZN10__cxxabiv117__class_type_infoD0Ev
                0x18004460       0x14 c:/rtl/7-2017-q4/bin/../lib/gcc/arm-none-eabi/7.2.1/../../../../arm-none-eabi/lib/thumb/v7e-m/fpv4-sp/softfp\libstdc++_nano.a(class_type_info.o)
                0x18004460                __cxxabiv1::__class_type_info::~__class_type_info()
 .text._ZNK10__cxxabiv117__class_type_info12__do_dyncastEiNS0_10__sub_kindEPKS0_PKvS3_S5_RNS0_16__dyncast_resultE
                0x18004474       0x3a c:/rtl/7-2017-q4/bin/../lib/gcc/arm-none-eabi/7.2.1/../../../../arm-none-eabi/lib/thumb/v7e-m/fpv4-sp/softfp\libstdc++_nano.a(class_type_info.o)
                0x18004474                __cxxabiv1::__class_type_info::__do_dyncast(int, __cxxabiv1::__class_type_info::__sub_kind, __cxxabiv1::__class_type_info const*, void const*, __cxxabiv1::__class_type_info const*, void const*, __cxxabiv1::__class_type_info::__dyncast_result&) const
 .text._ZNK10__cxxabiv117__class_type_info11__do_upcastEPKS0_PKvRNS0_15__upcast_resultE
                0x180044ae       0x18 c:/rtl/7-2017-q4/bin/../lib/gcc/arm-none-eabi/7.2.1/../../../../arm-none-eabi/lib/thumb/v7e-m/fpv4-sp/softfp\libstdc++_nano.a(class_type_info.o)
                0x180044ae                __cxxabiv1::__class_type_info::__do_upcast(__cxxabiv1::__class_type_info const*, void const*, __cxxabiv1::__class_type_info::__upcast_result&) const
 .text._ZNK10__cxxabiv117__class_type_info10__do_catchEPKSt9type_infoPPvj
                0x180044c6       0x2a c:/rtl/7-2017-q4/bin/../lib/gcc/arm-none-eabi/7.2.1/../../../../arm-none-eabi/lib/thumb/v7e-m/fpv4-sp/softfp\libstdc++_nano.a(class_type_info.o)
                0x180044c6                __cxxabiv1::__class_type_info::__do_catch(std::type_info const*, void**, unsigned int) const
 .text          0x180044f0      0x378 c:/rtl/7-2017-q4/bin/../lib/gcc/arm-none-eabi/7.2.1/thumb/v7e-m/fpv4-sp/softfp\libgcc.a(_arm_addsubdf3.o)
                0x180044f0                __aeabi_drsub
                0x180044f8                __aeabi_dsub
                0x180044f8                __subdf3
                0x180044fc                __aeabi_dadd
                0x180044fc                __adddf3
                0x18004774                __floatunsidf
                0x18004774                __aeabi_ui2d
                0x18004794                __floatsidf
                0x18004794                __aeabi_i2d
                0x180047b8                __aeabi_f2d
                0x180047b8                __extendsfdf2
                0x180047fc                __floatundidf
                0x180047fc                __aeabi_ul2d
                0x1800480c                __floatdidf
                0x1800480c                __aeabi_l2d
 .text          0x18004868       0xa0 c:/rtl/7-2017-q4/bin/../lib/gcc/arm-none-eabi/7.2.1/thumb/v7e-m/fpv4-sp/softfp\libgcc.a(_aeabi_ldivmod.o)
                0x18004868                __aeabi_ldivmod
 .text          0x18004908       0x30 c:/rtl/7-2017-q4/bin/../lib/gcc/arm-none-eabi/7.2.1/thumb/v7e-m/fpv4-sp/softfp\libgcc.a(_aeabi_uldivmod.o)
                0x18004908                __aeabi_uldivmod
 .text          0x18004938      0x2cc c:/rtl/7-2017-q4/bin/../lib/gcc/arm-none-eabi/7.2.1/thumb/v7e-m/fpv4-sp/softfp\libgcc.a(_udivmoddi4.o)
                0x18004938                __udivmoddi4
 .text          0x18004c04      0x9ec c:/rtl/7-2017-q4/bin/../lib/gcc/arm-none-eabi/7.2.1/thumb/v7e-m/fpv4-sp/softfp\libgcc.a(unwind-arm.o)
                0x18004eb8                _Unwind_GetCFA
                0x18004ebc                __gnu_Unwind_RaiseException
                0x18004f1c                __gnu_Unwind_ForcedUnwind
                0x18004f30                __gnu_Unwind_Resume
                0x18004f74                __gnu_Unwind_Resume_or_Rethrow
                0x18004f84                _Unwind_Complete
                0x18004f88                _Unwind_DeleteException
                0x18004f94                _Unwind_VRS_Get
                0x18004fd8                _Unwind_VRS_Set
                0x18005020                __gnu_Unwind_Backtrace
                0x18005364                __aeabi_unwind_cpp_pr0
                0x18005368                __aeabi_unwind_cpp_pr1
                0x1800536c                __aeabi_unwind_cpp_pr2
                0x18005370                _Unwind_VRS_Pop
 .text          0x180055f0      0x1ac c:/rtl/7-2017-q4/bin/../lib/gcc/arm-none-eabi/7.2.1/thumb/v7e-m/fpv4-sp/softfp\libgcc.a(libunwind.o)
                0x180055f0                __restore_core_regs
                0x180055f0                restore_core_regs
                0x18005608                __gnu_Unwind_Restore_VFP
                0x18005610                __gnu_Unwind_Save_VFP
                0x18005618                __gnu_Unwind_Restore_VFP_D
                0x18005620                __gnu_Unwind_Save_VFP_D
                0x18005628                __gnu_Unwind_Restore_VFP_D_16_to_31
                0x18005630                __gnu_Unwind_Save_VFP_D_16_to_31
                0x18005638                __gnu_Unwind_Restore_WMMXD
                0x1800567c                __gnu_Unwind_Save_WMMXD
                0x180056c0                __gnu_Unwind_Restore_WMMXC
                0x180056d4                __gnu_Unwind_Save_WMMXC
                0x180056e8                ___Unwind_RaiseException
                0x180056e8                _Unwind_RaiseException
                0x1800570c                _Unwind_Resume
                0x1800570c                ___Unwind_Resume
                0x18005730                _Unwind_Resume_or_Rethrow
                0x18005730                ___Unwind_Resume_or_Rethrow
                0x18005754                _Unwind_ForcedUnwind
                0x18005754                ___Unwind_ForcedUnwind
                0x18005778                ___Unwind_Backtrace
                0x18005778                _Unwind_Backtrace
 .text          0x1800579c      0x374 c:/rtl/7-2017-q4/bin/../lib/gcc/arm-none-eabi/7.2.1/thumb/v7e-m/fpv4-sp/softfp\libgcc.a(pr-support.o)
                0x180057f4                __gnu_unwind_execute
                0x18005ab8                __gnu_unwind_frame
                0x18005ae0                _Unwind_GetRegionStart
                0x18005aec                _Unwind_GetLanguageSpecificData
                0x18005b00                _Unwind_GetDataRelBase
                0x18005b08                _Unwind_GetTextRelBase
 .text          0x18005b10        0x4 c:/rtl/7-2017-q4/bin/../lib/gcc/arm-none-eabi/7.2.1/thumb/v7e-m/fpv4-sp/softfp\libgcc.a(_dvmd_tls.o)
                0x18005b10                __aeabi_idiv0
                0x18005b10                __aeabi_ldiv0
 .text.abort    0x18005b14        0xe c:/rtl/7-2017-q4/bin/../lib/gcc/arm-none-eabi/7.2.1/../../../../arm-none-eabi/lib/thumb/v7e-m/fpv4-sp/softfp\libc_nano.a(lib_a-abort.o)
                0x18005b14                abort
 .text.atexit   0x18005b22        0xc c:/rtl/7-2017-q4/bin/../lib/gcc/arm-none-eabi/7.2.1/../../../../arm-none-eabi/lib/thumb/v7e-m/fpv4-sp/softfp\libc_nano.a(lib_a-atexit.o)
                0x18005b22                atexit
 *fill*         0x18005b2e        0x2 
 .text.__errno  0x18005b30        0xc c:/rtl/7-2017-q4/bin/../lib/gcc/arm-none-eabi/7.2.1/../../../../arm-none-eabi/lib/thumb/v7e-m/fpv4-sp/softfp\libc_nano.a(lib_a-errno.o)
                0x18005b30                __errno
 .text.exit     0x18005b3c       0x28 c:/rtl/7-2017-q4/bin/../lib/gcc/arm-none-eabi/7.2.1/../../../../arm-none-eabi/lib/thumb/v7e-m/fpv4-sp/softfp\libc_nano.a(lib_a-exit.o)
                0x18005b3c                exit
 .text.__sflush_r
                0x18005b64      0x10c c:/rtl/7-2017-q4/bin/../lib/gcc/arm-none-eabi/7.2.1/../../../../arm-none-eabi/lib/thumb/v7e-m/fpv4-sp/softfp\libc_nano.a(lib_a-fflush.o)
                0x18005b64                __sflush_r
 .text._fflush_r
                0x18005c70       0x54 c:/rtl/7-2017-q4/bin/../lib/gcc/arm-none-eabi/7.2.1/../../../../arm-none-eabi/lib/thumb/v7e-m/fpv4-sp/softfp\libc_nano.a(lib_a-fflush.o)
                0x18005c70                _fflush_r
 .text.fflush   0x18005cc4       0x24 c:/rtl/7-2017-q4/bin/../lib/gcc/arm-none-eabi/7.2.1/../../../../arm-none-eabi/lib/thumb/v7e-m/fpv4-sp/softfp\libc_nano.a(lib_a-fflush.o)
                0x18005cc4                fflush
 .text.std      0x18005ce8       0x48 c:/rtl/7-2017-q4/bin/../lib/gcc/arm-none-eabi/7.2.1/../../../../arm-none-eabi/lib/thumb/v7e-m/fpv4-sp/softfp\libc_nano.a(lib_a-findfp.o)
 .text._cleanup_r
                0x18005d30        0xc c:/rtl/7-2017-q4/bin/../lib/gcc/arm-none-eabi/7.2.1/../../../../arm-none-eabi/lib/thumb/v7e-m/fpv4-sp/softfp\libc_nano.a(lib_a-findfp.o)
                0x18005d30                _cleanup_r
 .text.__sfmoreglue
                0x18005d3c       0x2c c:/rtl/7-2017-q4/bin/../lib/gcc/arm-none-eabi/7.2.1/../../../../arm-none-eabi/lib/thumb/v7e-m/fpv4-sp/softfp\libc_nano.a(lib_a-findfp.o)
                0x18005d3c                __sfmoreglue
 .text.__sinit  0x18005d68       0x60 c:/rtl/7-2017-q4/bin/../lib/gcc/arm-none-eabi/7.2.1/../../../../arm-none-eabi/lib/thumb/v7e-m/fpv4-sp/softfp\libc_nano.a(lib_a-findfp.o)
                0x18005d68                __sinit
 .text.__sfp    0x18005dc8       0x78 c:/rtl/7-2017-q4/bin/../lib/gcc/arm-none-eabi/7.2.1/../../../../arm-none-eabi/lib/thumb/v7e-m/fpv4-sp/softfp\libc_nano.a(lib_a-findfp.o)
                0x18005dc8                __sfp
 .text.__libc_fini_array
                0x18005e40       0x28 c:/rtl/7-2017-q4/bin/../lib/gcc/arm-none-eabi/7.2.1/../../../../arm-none-eabi/lib/thumb/v7e-m/fpv4-sp/softfp\libc_nano.a(lib_a-fini.o)
                0x18005e40                __libc_fini_array
 .text._fwalk_reent
                0x18005e68       0x3c c:/rtl/7-2017-q4/bin/../lib/gcc/arm-none-eabi/7.2.1/../../../../arm-none-eabi/lib/thumb/v7e-m/fpv4-sp/softfp\libc_nano.a(lib_a-fwalk.o)
                0x18005e68                _fwalk_reent
 .text.__libc_init_array
                0x18005ea4       0x48 c:/rtl/7-2017-q4/bin/../lib/gcc/arm-none-eabi/7.2.1/../../../../arm-none-eabi/lib/thumb/v7e-m/fpv4-sp/softfp\libc_nano.a(lib_a-init.o)
                0x18005ea4                __libc_init_array
 .text.__swhatbuf_r
                0x18005eec       0x48 c:/rtl/7-2017-q4/bin/../lib/gcc/arm-none-eabi/7.2.1/../../../../arm-none-eabi/lib/thumb/v7e-m/fpv4-sp/softfp\libc_nano.a(lib_a-makebuf.o)
                0x18005eec                __swhatbuf_r
 .text.__smakebuf_r
                0x18005f34       0x80 c:/rtl/7-2017-q4/bin/../lib/gcc/arm-none-eabi/7.2.1/../../../../arm-none-eabi/lib/thumb/v7e-m/fpv4-sp/softfp\libc_nano.a(lib_a-makebuf.o)
                0x18005f34                __smakebuf_r
 .text.malloc   0x18005fb4       0x10 c:/rtl/7-2017-q4/bin/../lib/gcc/arm-none-eabi/7.2.1/../../../../arm-none-eabi/lib/thumb/v7e-m/fpv4-sp/softfp\libc_nano.a(lib_a-malloc.o)
                0x18005fb4                malloc
 .text.free     0x18005fc4       0x10 c:/rtl/7-2017-q4/bin/../lib/gcc/arm-none-eabi/7.2.1/../../../../arm-none-eabi/lib/thumb/v7e-m/fpv4-sp/softfp\libc_nano.a(lib_a-malloc.o)
                0x18005fc4                free
 *fill*         0x18005fd4        0xc 
 .text          0x18005fe0       0xa0 c:/rtl/7-2017-q4/bin/../lib/gcc/arm-none-eabi/7.2.1/../../../../arm-none-eabi/lib/thumb/v7e-m/fpv4-sp/softfp\libc_nano.a(lib_a-memchr.o)
                0x18005fe0                memchr
 .text.memcpy   0x18006080       0x16 c:/rtl/7-2017-q4/bin/../lib/gcc/arm-none-eabi/7.2.1/../../../../arm-none-eabi/lib/thumb/v7e-m/fpv4-sp/softfp\libc_nano.a(lib_a-memcpy-stub.o)
                0x18006080                memcpy
 .text.memset   0x18006096       0x10 c:/rtl/7-2017-q4/bin/../lib/gcc/arm-none-eabi/7.2.1/../../../../arm-none-eabi/lib/thumb/v7e-m/fpv4-sp/softfp\libc_nano.a(lib_a-memset.o)
                0x18006096                memset
 .text._calloc_r
                0x180060a6       0x1c c:/rtl/7-2017-q4/bin/../lib/gcc/arm-none-eabi/7.2.1/../../../../arm-none-eabi/lib/thumb/v7e-m/fpv4-sp/softfp\libc_nano.a(lib_a-nano-callocr.o)
                0x180060a6                _calloc_r
 *fill*         0x180060c2        0x2 
 .text._free_r  0x180060c4       0x9c c:/rtl/7-2017-q4/bin/../lib/gcc/arm-none-eabi/7.2.1/../../../../arm-none-eabi/lib/thumb/v7e-m/fpv4-sp/softfp\libc_nano.a(lib_a-nano-freer.o)
                0x180060c4                _free_r
 .text._malloc_r
                0x18006160       0xb4 c:/rtl/7-2017-q4/bin/../lib/gcc/arm-none-eabi/7.2.1/../../../../arm-none-eabi/lib/thumb/v7e-m/fpv4-sp/softfp\libc_nano.a(lib_a-nano-mallocr.o)
                0x18006160                _malloc_r
 .text._realloc_r
                0x18006214       0x4c c:/rtl/7-2017-q4/bin/../lib/gcc/arm-none-eabi/7.2.1/../../../../arm-none-eabi/lib/thumb/v7e-m/fpv4-sp/softfp\libc_nano.a(lib_a-nano-reallocr.o)
                0x18006214                _realloc_r
 .text.__sfputc_r
                0x18006260       0x2e c:/rtl/7-2017-q4/bin/../lib/gcc/arm-none-eabi/7.2.1/../../../../arm-none-eabi/lib/thumb/v7e-m/fpv4-sp/softfp\libc_nano.a(lib_a-nano-vfprintf.o)
 .text.__sfputs_r
                0x1800628e       0x24 c:/rtl/7-2017-q4/bin/../lib/gcc/arm-none-eabi/7.2.1/../../../../arm-none-eabi/lib/thumb/v7e-m/fpv4-sp/softfp\libc_nano.a(lib_a-nano-vfprintf.o)
                0x1800628e                __sfputs_r
 *fill*         0x180062b2        0x2 
 .text._vfprintf_r
                0x180062b4      0x228 c:/rtl/7-2017-q4/bin/../lib/gcc/arm-none-eabi/7.2.1/../../../../arm-none-eabi/lib/thumb/v7e-m/fpv4-sp/softfp\libc_nano.a(lib_a-nano-vfprintf.o)
                0x180062b4                _vfprintf_r
                0x180062b4                _vfiprintf_r
 .text.__cvt    0x180064dc       0xbc c:/rtl/7-2017-q4/bin/../lib/gcc/arm-none-eabi/7.2.1/../../../../arm-none-eabi/lib/thumb/v7e-m/fpv4-sp/softfp\libc_nano.a(lib_a-nano-vfprintf_float.o)
                0x180064dc                __cvt
 .text.__exponent
                0x18006598       0x66 c:/rtl/7-2017-q4/bin/../lib/gcc/arm-none-eabi/7.2.1/../../../../arm-none-eabi/lib/thumb/v7e-m/fpv4-sp/softfp\libc_nano.a(lib_a-nano-vfprintf_float.o)
                0x18006598                __exponent
 *fill*         0x180065fe        0x2 
 .text._printf_float
                0x18006600      0x48c c:/rtl/7-2017-q4/bin/../lib/gcc/arm-none-eabi/7.2.1/../../../../arm-none-eabi/lib/thumb/v7e-m/fpv4-sp/softfp\libc_nano.a(lib_a-nano-vfprintf_float.o)
                0x18006600                _printf_float
 .text._printf_common
                0x18006a8c       0xea c:/rtl/7-2017-q4/bin/../lib/gcc/arm-none-eabi/7.2.1/../../../../arm-none-eabi/lib/thumb/v7e-m/fpv4-sp/softfp\libc_nano.a(lib_a-nano-vfprintf_i.o)
                0x18006a8c                _printf_common
 *fill*         0x18006b76        0x2 
 .text._printf_i
                0x18006b78      0x224 c:/rtl/7-2017-q4/bin/../lib/gcc/arm-none-eabi/7.2.1/../../../../arm-none-eabi/lib/thumb/v7e-m/fpv4-sp/softfp\libc_nano.a(lib_a-nano-vfprintf_i.o)
                0x18006b78                _printf_i
 .text._scanf_float
                0x18006d9c      0x3bc c:/rtl/7-2017-q4/bin/../lib/gcc/arm-none-eabi/7.2.1/../../../../arm-none-eabi/lib/thumb/v7e-m/fpv4-sp/softfp\libc_nano.a(lib_a-nano-vfscanf_float.o)
                0x18006d9c                _scanf_float
 .text.printf   0x18007158       0x30 c:/rtl/7-2017-q4/bin/../lib/gcc/arm-none-eabi/7.2.1/../../../../arm-none-eabi/lib/thumb/v7e-m/fpv4-sp/softfp\libc_nano.a(lib_a-printf.o)
                0x18007158                iprintf
                0x18007158                printf
 .text._sbrk_r  0x18007188       0x20 c:/rtl/7-2017-q4/bin/../lib/gcc/arm-none-eabi/7.2.1/../../../../arm-none-eabi/lib/thumb/v7e-m/fpv4-sp/softfp\libc_nano.a(lib_a-sbrkr.o)
                0x18007188                _sbrk_r
 .text.nanf     0x180071a8        0x8 c:/rtl/7-2017-q4/bin/../lib/gcc/arm-none-eabi/7.2.1/../../../../arm-none-eabi/lib/thumb/v7e-m/fpv4-sp/softfp\libc_nano.a(lib_a-sf_nan.o)
                0x180071a8                nanf
 .text._raise_r
                0x180071b0       0x50 c:/rtl/7-2017-q4/bin/../lib/gcc/arm-none-eabi/7.2.1/../../../../arm-none-eabi/lib/thumb/v7e-m/fpv4-sp/softfp\libc_nano.a(lib_a-signal.o)
                0x180071b0                _raise_r
 .text.raise    0x18007200       0x10 c:/rtl/7-2017-q4/bin/../lib/gcc/arm-none-eabi/7.2.1/../../../../arm-none-eabi/lib/thumb/v7e-m/fpv4-sp/softfp\libc_nano.a(lib_a-signal.o)
                0x18007200                raise
 .text._kill_r  0x18007210       0x24 c:/rtl/7-2017-q4/bin/../lib/gcc/arm-none-eabi/7.2.1/../../../../arm-none-eabi/lib/thumb/v7e-m/fpv4-sp/softfp\libc_nano.a(lib_a-signalr.o)
                0x18007210                _kill_r
 .text._getpid_r
                0x18007234        0x4 c:/rtl/7-2017-q4/bin/../lib/gcc/arm-none-eabi/7.2.1/../../../../arm-none-eabi/lib/thumb/v7e-m/fpv4-sp/softfp\libc_nano.a(lib_a-signalr.o)
                0x18007234                _getpid_r
 .text.sprintf  0x18007238       0x40 c:/rtl/7-2017-q4/bin/../lib/gcc/arm-none-eabi/7.2.1/../../../../arm-none-eabi/lib/thumb/v7e-m/fpv4-sp/softfp\libc_nano.a(lib_a-sprintf.o)
                0x18007238                siprintf
                0x18007238                sprintf
 .text.__sread  0x18007278       0x22 c:/rtl/7-2017-q4/bin/../lib/gcc/arm-none-eabi/7.2.1/../../../../arm-none-eabi/lib/thumb/v7e-m/fpv4-sp/softfp\libc_nano.a(lib_a-stdio.o)
                0x18007278                __sread
 .text.__swrite
                0x1800729a       0x38 c:/rtl/7-2017-q4/bin/../lib/gcc/arm-none-eabi/7.2.1/../../../../arm-none-eabi/lib/thumb/v7e-m/fpv4-sp/softfp\libc_nano.a(lib_a-stdio.o)
                0x1800729a                __swrite
 .text.__sseek  0x180072d2       0x24 c:/rtl/7-2017-q4/bin/../lib/gcc/arm-none-eabi/7.2.1/../../../../arm-none-eabi/lib/thumb/v7e-m/fpv4-sp/softfp\libc_nano.a(lib_a-stdio.o)
                0x180072d2                __sseek
 .text.__sclose
                0x180072f6        0x8 c:/rtl/7-2017-q4/bin/../lib/gcc/arm-none-eabi/7.2.1/../../../../arm-none-eabi/lib/thumb/v7e-m/fpv4-sp/softfp\libc_nano.a(lib_a-stdio.o)
                0x180072f6                __sclose
 .text          0x180072fe       0x14 c:/rtl/7-2017-q4/bin/../lib/gcc/arm-none-eabi/7.2.1/../../../../arm-none-eabi/lib/thumb/v7e-m/fpv4-sp/softfp\libc_nano.a(lib_a-strcmp.o)
                0x180072fe                strcmp
 .text          0x18007312       0x10 c:/rtl/7-2017-q4/bin/../lib/gcc/arm-none-eabi/7.2.1/../../../../arm-none-eabi/lib/thumb/v7e-m/fpv4-sp/softfp\libc_nano.a(lib_a-strlen.o)
                0x18007312                strlen
 .text.strncmp  0x18007322       0x24 c:/rtl/7-2017-q4/bin/../lib/gcc/arm-none-eabi/7.2.1/../../../../arm-none-eabi/lib/thumb/v7e-m/fpv4-sp/softfp\libc_nano.a(lib_a-strncmp.o)
                0x18007322                strncmp
 .text.unlikely.sulp
                0x18007346       0x42 c:/rtl/7-2017-q4/bin/../lib/gcc/arm-none-eabi/7.2.1/../../../../arm-none-eabi/lib/thumb/v7e-m/fpv4-sp/softfp\libc_nano.a(lib_a-strtod.o)
 .text._strtod_l
                0x18007388      0xbe0 c:/rtl/7-2017-q4/bin/../lib/gcc/arm-none-eabi/7.2.1/../../../../arm-none-eabi/lib/thumb/v7e-m/fpv4-sp/softfp\libc_nano.a(lib_a-strtod.o)
                0x18007388                _strtod_l
 .text._strtod_r
                0x18007f68       0x20 c:/rtl/7-2017-q4/bin/../lib/gcc/arm-none-eabi/7.2.1/../../../../arm-none-eabi/lib/thumb/v7e-m/fpv4-sp/softfp\libc_nano.a(lib_a-strtod.o)
                0x18007f68                _strtod_r
 .text._strtol_l.isra.0
                0x18007f88       0xf6 c:/rtl/7-2017-q4/bin/../lib/gcc/arm-none-eabi/7.2.1/../../../../arm-none-eabi/lib/thumb/v7e-m/fpv4-sp/softfp\libc_nano.a(lib_a-strtol.o)
 *fill*         0x1800807e        0x2 
 .text._strtol_r
                0x18008080       0x24 c:/rtl/7-2017-q4/bin/../lib/gcc/arm-none-eabi/7.2.1/../../../../arm-none-eabi/lib/thumb/v7e-m/fpv4-sp/softfp\libc_nano.a(lib_a-strtol.o)
                0x18008080                _strtol_r
 .text._vsprintf_r
                0x180080a4       0x2c c:/rtl/7-2017-q4/bin/../lib/gcc/arm-none-eabi/7.2.1/../../../../arm-none-eabi/lib/thumb/v7e-m/fpv4-sp/softfp\libc_nano.a(lib_a-vsprintf.o)
                0x180080a4                _vsprintf_r
                0x180080a4                _vsiprintf_r
 .text.vsprintf
                0x180080d0       0x14 c:/rtl/7-2017-q4/bin/../lib/gcc/arm-none-eabi/7.2.1/../../../../arm-none-eabi/lib/thumb/v7e-m/fpv4-sp/softfp\libc_nano.a(lib_a-vsprintf.o)
                0x180080d0                vsiprintf
                0x180080d0                vsprintf
 .text.__swbuf_r
                0x180080e4       0xa4 c:/rtl/7-2017-q4/bin/../lib/gcc/arm-none-eabi/7.2.1/../../../../arm-none-eabi/lib/thumb/v7e-m/fpv4-sp/softfp\libc_nano.a(lib_a-wbuf.o)
                0x180080e4                __swbuf_r
 .text._write_r
                0x18008188       0x24 c:/rtl/7-2017-q4/bin/../lib/gcc/arm-none-eabi/7.2.1/../../../../arm-none-eabi/lib/thumb/v7e-m/fpv4-sp/softfp\libc_nano.a(lib_a-writer.o)
                0x18008188                _write_r
 .text.__swsetup_r
                0x180081ac       0xdc c:/rtl/7-2017-q4/bin/../lib/gcc/arm-none-eabi/7.2.1/../../../../arm-none-eabi/lib/thumb/v7e-m/fpv4-sp/softfp\libc_nano.a(lib_a-wsetup.o)
                0x180081ac                __swsetup_r
 .text.__register_exitproc
                0x18008288       0xc8 c:/rtl/7-2017-q4/bin/../lib/gcc/arm-none-eabi/7.2.1/../../../../arm-none-eabi/lib/thumb/v7e-m/fpv4-sp/softfp\libc_nano.a(lib_a-__atexit.o)
                0x18008288                __register_exitproc
 .text.__call_exitprocs
                0x18008350       0xd4 c:/rtl/7-2017-q4/bin/../lib/gcc/arm-none-eabi/7.2.1/../../../../arm-none-eabi/lib/thumb/v7e-m/fpv4-sp/softfp\libc_nano.a(lib_a-__call_atexit.o)
                0x18008350                __call_exitprocs
 .text._close_r
                0x18008424       0x20 c:/rtl/7-2017-q4/bin/../lib/gcc/arm-none-eabi/7.2.1/../../../../arm-none-eabi/lib/thumb/v7e-m/fpv4-sp/softfp\libc_nano.a(lib_a-closer.o)
                0x18008424                _close_r
 .text.quorem   0x18008444      0x118 c:/rtl/7-2017-q4/bin/../lib/gcc/arm-none-eabi/7.2.1/../../../../arm-none-eabi/lib/thumb/v7e-m/fpv4-sp/softfp\libc_nano.a(lib_a-dtoa.o)
 *fill*         0x1800855c        0x4 
 .text._dtoa_r  0x18008560      0xb7c c:/rtl/7-2017-q4/bin/../lib/gcc/arm-none-eabi/7.2.1/../../../../arm-none-eabi/lib/thumb/v7e-m/fpv4-sp/softfp\libc_nano.a(lib_a-dtoa.o)
                0x18008560                _dtoa_r
 .text._fstat_r
                0x180090dc       0x24 c:/rtl/7-2017-q4/bin/../lib/gcc/arm-none-eabi/7.2.1/../../../../arm-none-eabi/lib/thumb/v7e-m/fpv4-sp/softfp\libc_nano.a(lib_a-fstatr.o)
                0x180090dc                _fstat_r
 .text.rshift   0x18009100       0x74 c:/rtl/7-2017-q4/bin/../lib/gcc/arm-none-eabi/7.2.1/../../../../arm-none-eabi/lib/thumb/v7e-m/fpv4-sp/softfp\libc_nano.a(lib_a-gdtoa-gethex.o)
 .text.__hexdig_fun
                0x18009174       0x2a c:/rtl/7-2017-q4/bin/../lib/gcc/arm-none-eabi/7.2.1/../../../../arm-none-eabi/lib/thumb/v7e-m/fpv4-sp/softfp\libc_nano.a(lib_a-gdtoa-gethex.o)
                0x18009174                __hexdig_fun
 .text.__gethex
                0x1800919e      0x442 c:/rtl/7-2017-q4/bin/../lib/gcc/arm-none-eabi/7.2.1/../../../../arm-none-eabi/lib/thumb/v7e-m/fpv4-sp/softfp\libc_nano.a(lib_a-gdtoa-gethex.o)
                0x1800919e                __gethex
 .text.L_shift  0x180095e0       0x24 c:/rtl/7-2017-q4/bin/../lib/gcc/arm-none-eabi/7.2.1/../../../../arm-none-eabi/lib/thumb/v7e-m/fpv4-sp/softfp\libc_nano.a(lib_a-gdtoa-hexnan.o)
 .text.__match  0x18009604       0x28 c:/rtl/7-2017-q4/bin/../lib/gcc/arm-none-eabi/7.2.1/../../../../arm-none-eabi/lib/thumb/v7e-m/fpv4-sp/softfp\libc_nano.a(lib_a-gdtoa-hexnan.o)
                0x18009604                __match
 .text.__hexnan
                0x1800962c      0x120 c:/rtl/7-2017-q4/bin/../lib/gcc/arm-none-eabi/7.2.1/../../../../arm-none-eabi/lib/thumb/v7e-m/fpv4-sp/softfp\libc_nano.a(lib_a-gdtoa-hexnan.o)
                0x1800962c                __hexnan
 .text._isatty_r
                0x1800974c       0x20 c:/rtl/7-2017-q4/bin/../lib/gcc/arm-none-eabi/7.2.1/../../../../arm-none-eabi/lib/thumb/v7e-m/fpv4-sp/softfp\libc_nano.a(lib_a-isattyr.o)
                0x1800974c                _isatty_r
 .text.__locale_ctype_ptr_l
                0x1800976c        0x6 c:/rtl/7-2017-q4/bin/../lib/gcc/arm-none-eabi/7.2.1/../../../../arm-none-eabi/lib/thumb/v7e-m/fpv4-sp/softfp\libc_nano.a(lib_a-locale.o)
                0x1800976c                __locale_ctype_ptr_l
 .text.__localeconv_l
                0x18009772        0x4 c:/rtl/7-2017-q4/bin/../lib/gcc/arm-none-eabi/7.2.1/../../../../arm-none-eabi/lib/thumb/v7e-m/fpv4-sp/softfp\libc_nano.a(lib_a-localeconv.o)
                0x18009772                __localeconv_l
 *fill*         0x18009776        0x2 
 .text._localeconv_r
                0x18009778       0x1c c:/rtl/7-2017-q4/bin/../lib/gcc/arm-none-eabi/7.2.1/../../../../arm-none-eabi/lib/thumb/v7e-m/fpv4-sp/softfp\libc_nano.a(lib_a-localeconv.o)
                0x18009778                _localeconv_r
 .text._lseek_r
                0x18009794       0x24 c:/rtl/7-2017-q4/bin/../lib/gcc/arm-none-eabi/7.2.1/../../../../arm-none-eabi/lib/thumb/v7e-m/fpv4-sp/softfp\libc_nano.a(lib_a-lseekr.o)
                0x18009794                _lseek_r
 .text.__ascii_mbtowc
                0x180097b8       0x24 c:/rtl/7-2017-q4/bin/../lib/gcc/arm-none-eabi/7.2.1/../../../../arm-none-eabi/lib/thumb/v7e-m/fpv4-sp/softfp\libc_nano.a(lib_a-mbtowc_r.o)
                0x180097b8                __ascii_mbtowc
 .text.memmove  0x180097dc       0x32 c:/rtl/7-2017-q4/bin/../lib/gcc/arm-none-eabi/7.2.1/../../../../arm-none-eabi/lib/thumb/v7e-m/fpv4-sp/softfp\libc_nano.a(lib_a-memmove.o)
                0x180097dc                memmove
 .text._Balloc  0x1800980e       0x68 c:/rtl/7-2017-q4/bin/../lib/gcc/arm-none-eabi/7.2.1/../../../../arm-none-eabi/lib/thumb/v7e-m/fpv4-sp/softfp\libc_nano.a(lib_a-mprec.o)
                0x1800980e                _Balloc
 .text._Bfree   0x18009876       0x2e c:/rtl/7-2017-q4/bin/../lib/gcc/arm-none-eabi/7.2.1/../../../../arm-none-eabi/lib/thumb/v7e-m/fpv4-sp/softfp\libc_nano.a(lib_a-mprec.o)
                0x18009876                _Bfree
 .text.__multadd
                0x180098a4       0x76 c:/rtl/7-2017-q4/bin/../lib/gcc/arm-none-eabi/7.2.1/../../../../arm-none-eabi/lib/thumb/v7e-m/fpv4-sp/softfp\libc_nano.a(lib_a-mprec.o)
                0x180098a4                __multadd
 .text.__s2b    0x1800991a       0x7c c:/rtl/7-2017-q4/bin/../lib/gcc/arm-none-eabi/7.2.1/../../../../arm-none-eabi/lib/thumb/v7e-m/fpv4-sp/softfp\libc_nano.a(lib_a-mprec.o)
                0x1800991a                __s2b
 .text.__hi0bits
                0x18009996       0x3e c:/rtl/7-2017-q4/bin/../lib/gcc/arm-none-eabi/7.2.1/../../../../arm-none-eabi/lib/thumb/v7e-m/fpv4-sp/softfp\libc_nano.a(lib_a-mprec.o)
                0x18009996                __hi0bits
 .text.__lo0bits
                0x180099d4       0x5e c:/rtl/7-2017-q4/bin/../lib/gcc/arm-none-eabi/7.2.1/../../../../arm-none-eabi/lib/thumb/v7e-m/fpv4-sp/softfp\libc_nano.a(lib_a-mprec.o)
                0x180099d4                __lo0bits
 .text.__i2b    0x18009a32       0x12 c:/rtl/7-2017-q4/bin/../lib/gcc/arm-none-eabi/7.2.1/../../../../arm-none-eabi/lib/thumb/v7e-m/fpv4-sp/softfp\libc_nano.a(lib_a-mprec.o)
                0x18009a32                __i2b
 .text.__multiply
                0x18009a44      0x12c c:/rtl/7-2017-q4/bin/../lib/gcc/arm-none-eabi/7.2.1/../../../../arm-none-eabi/lib/thumb/v7e-m/fpv4-sp/softfp\libc_nano.a(lib_a-mprec.o)
                0x18009a44                __multiply
 .text.__pow5mult
                0x18009b70       0x9c c:/rtl/7-2017-q4/bin/../lib/gcc/arm-none-eabi/7.2.1/../../../../arm-none-eabi/lib/thumb/v7e-m/fpv4-sp/softfp\libc_nano.a(lib_a-mprec.o)
                0x18009b70                __pow5mult
 .text.__lshift
                0x18009c0c       0xa8 c:/rtl/7-2017-q4/bin/../lib/gcc/arm-none-eabi/7.2.1/../../../../arm-none-eabi/lib/thumb/v7e-m/fpv4-sp/softfp\libc_nano.a(lib_a-mprec.o)
                0x18009c0c                __lshift
 .text.__mcmp   0x18009cb4       0x34 c:/rtl/7-2017-q4/bin/../lib/gcc/arm-none-eabi/7.2.1/../../../../arm-none-eabi/lib/thumb/v7e-m/fpv4-sp/softfp\libc_nano.a(lib_a-mprec.o)
                0x18009cb4                __mcmp
 .text.__mdiff  0x18009ce8       0xba c:/rtl/7-2017-q4/bin/../lib/gcc/arm-none-eabi/7.2.1/../../../../arm-none-eabi/lib/thumb/v7e-m/fpv4-sp/softfp\libc_nano.a(lib_a-mprec.o)
                0x18009ce8                __mdiff
 *fill*         0x18009da2        0x2 
 .text.__ulp    0x18009da4       0x48 c:/rtl/7-2017-q4/bin/../lib/gcc/arm-none-eabi/7.2.1/../../../../arm-none-eabi/lib/thumb/v7e-m/fpv4-sp/softfp\libc_nano.a(lib_a-mprec.o)
                0x18009da4                __ulp
 .text.__b2d    0x18009dec       0xa4 c:/rtl/7-2017-q4/bin/../lib/gcc/arm-none-eabi/7.2.1/../../../../arm-none-eabi/lib/thumb/v7e-m/fpv4-sp/softfp\libc_nano.a(lib_a-mprec.o)
                0x18009dec                __b2d
 .text.__d2b    0x18009e90       0x9e c:/rtl/7-2017-q4/bin/../lib/gcc/arm-none-eabi/7.2.1/../../../../arm-none-eabi/lib/thumb/v7e-m/fpv4-sp/softfp\libc_nano.a(lib_a-mprec.o)
                0x18009e90                __d2b
 .text.__ratio  0x18009f2e       0x5c c:/rtl/7-2017-q4/bin/../lib/gcc/arm-none-eabi/7.2.1/../../../../arm-none-eabi/lib/thumb/v7e-m/fpv4-sp/softfp\libc_nano.a(lib_a-mprec.o)
                0x18009f2e                __ratio
 .text.__copybits
                0x18009f8a       0x34 c:/rtl/7-2017-q4/bin/../lib/gcc/arm-none-eabi/7.2.1/../../../../arm-none-eabi/lib/thumb/v7e-m/fpv4-sp/softfp\libc_nano.a(lib_a-mprec.o)
                0x18009f8a                __copybits
 .text.__any_on
                0x18009fbe       0x42 c:/rtl/7-2017-q4/bin/../lib/gcc/arm-none-eabi/7.2.1/../../../../arm-none-eabi/lib/thumb/v7e-m/fpv4-sp/softfp\libc_nano.a(lib_a-mprec.o)
                0x18009fbe                __any_on
 .text._malloc_usable_size_r
                0x1800a000       0x10 c:/rtl/7-2017-q4/bin/../lib/gcc/arm-none-eabi/7.2.1/../../../../arm-none-eabi/lib/thumb/v7e-m/fpv4-sp/softfp\libc_nano.a(lib_a-nano-msizer.o)
                0x1800a000                _malloc_usable_size_r
 .text.__ssputs_r
                0x1800a010       0xb4 c:/rtl/7-2017-q4/bin/../lib/gcc/arm-none-eabi/7.2.1/../../../../arm-none-eabi/lib/thumb/v7e-m/fpv4-sp/softfp\libc_nano.a(lib_a-nano-svfprintf.o)
                0x1800a010                __ssputs_r
 .text._svfprintf_r
                0x1800a0c4      0x1ec c:/rtl/7-2017-q4/bin/../lib/gcc/arm-none-eabi/7.2.1/../../../../arm-none-eabi/lib/thumb/v7e-m/fpv4-sp/softfp\libc_nano.a(lib_a-nano-svfprintf.o)
                0x1800a0c4                _svfiprintf_r
                0x1800a0c4                _svfprintf_r
 .text._read_r  0x1800a2b0       0x24 c:/rtl/7-2017-q4/bin/../lib/gcc/arm-none-eabi/7.2.1/../../../../arm-none-eabi/lib/thumb/v7e-m/fpv4-sp/softfp\libc_nano.a(lib_a-readr.o)
                0x1800a2b0                _read_r
 .text.__ascii_wctomb
                0x1800a2d4       0x1a c:/rtl/7-2017-q4/bin/../lib/gcc/arm-none-eabi/7.2.1/../../../../arm-none-eabi/lib/thumb/v7e-m/fpv4-sp/softfp\libc_nano.a(lib_a-wctomb_r.o)
                0x1800a2d4                __ascii_wctomb
 *fill*         0x1800a2ee        0x2 
 .text._getpid  0x1800a2f0       0x10 c:/rtl/7-2017-q4/bin/../lib/gcc/arm-none-eabi/7.2.1/../../../../arm-none-eabi/lib/thumb/v7e-m/fpv4-sp/softfp\libnosys.a(getpid.o)
                0x1800a2f0                _getpid
 .text._kill    0x1800a300       0x10 c:/rtl/7-2017-q4/bin/../lib/gcc/arm-none-eabi/7.2.1/../../../../arm-none-eabi/lib/thumb/v7e-m/fpv4-sp/softfp\libnosys.a(kill.o)
                0x1800a300                _kill
 .text.rd_rf_usb_reg.constprop.1
                0x1800a310       0x34 SDK/hal/targets/hal/TARGET_RDA/TARGET_UNO_91H/TOOLCHAIN_GCC_ARM\libhal.a(rda_ccfg_api.o)
 .text.wr_rf_usb_reg.constprop.2
                0x1800a344       0x20 SDK/hal/targets/hal/TARGET_RDA/TARGET_UNO_91H/TOOLCHAIN_GCC_ARM\libhal.a(rda_ccfg_api.o)
 .text.rda_ccfg_aontmr_cksrc.part.0
                0x1800a364       0x88 SDK/hal/targets/hal/TARGET_RDA/TARGET_UNO_91H/TOOLCHAIN_GCC_ARM\libhal.a(rda_ccfg_api.o)
 .text.rda_ccfg_aontmr
                0x1800a3ec       0x26 SDK/hal/targets/hal/TARGET_RDA/TARGET_UNO_91H/TOOLCHAIN_GCC_ARM\libhal.a(rda_ccfg_api.o)
                0x1800a3ec                rda_ccfg_aontmr
 .text.rda_ccfg_aontmr_cksrc
                0x1800a412       0x56 SDK/hal/targets/hal/TARGET_RDA/TARGET_UNO_91H/TOOLCHAIN_GCC_ARM\libhal.a(rda_ccfg_api.o)
                0x1800a412                rda_ccfg_aontmr_cksrc
 .text.rda_ccfg_gp
                0x1800a468       0x68 SDK/hal/targets/hal/TARGET_RDA/TARGET_UNO_91H/TOOLCHAIN_GCC_ARM\libhal.a(rda_ccfg_api.o)
                0x1800a468                rda_ccfg_gp
 .text.rda_ccfg_boot
                0x1800a4d0       0xe0 SDK/hal/targets/hal/TARGET_RDA/TARGET_UNO_91H/TOOLCHAIN_GCC_ARM\libhal.a(rda_ccfg_api.o)
                0x1800a4d0                rda_ccfg_boot
 .text.rda_ccfg_hwver
                0x1800a5b0       0x20 SDK/hal/targets/hal/TARGET_RDA/TARGET_UNO_91H/TOOLCHAIN_GCC_ARM\libhal.a(rda_ccfg_api.o)
                0x1800a5b0                rda_ccfg_hwver
 .text.sleep_management
                0x1800a5d0       0xdc SDK/hal/targets/hal/TARGET_RDA/TARGET_UNO_91H/TOOLCHAIN_GCC_ARM\libhal.a(rda_sleep_api.o)
                0x1800a5d0                sleep_management
 .text.sleep_cal_lpo
                0x1800a6ac       0x88 SDK/hal/targets/hal/TARGET_RDA/TARGET_UNO_91H/TOOLCHAIN_GCC_ARM\libhal.a(rda_sleep_api.o)
                0x1800a6ac                sleep_cal_lpo
 .text          0x1800a734      0x424 c:/rtl/7-2017-q4/bin/../lib/gcc/arm-none-eabi/7.2.1/thumb/v7e-m/fpv4-sp/softfp\libgcc.a(_arm_muldivdf3.o)
                0x1800a734                __aeabi_dmul
                0x1800a734                __muldf3
                0x1800a988                __divdf3
                0x1800a988                __aeabi_ddiv
 .text          0x1800ab58      0x110 c:/rtl/7-2017-q4/bin/../lib/gcc/arm-none-eabi/7.2.1/thumb/v7e-m/fpv4-sp/softfp\libgcc.a(_arm_cmpdf2.o)
                0x1800ab58                __gtdf2
                0x1800ab58                __gedf2
                0x1800ab60                __ltdf2
                0x1800ab60                __ledf2
                0x1800ab68                __nedf2
                0x1800ab68                __eqdf2
                0x1800ab68                __cmpdf2
                0x1800abe4                __aeabi_cdrcmple
                0x1800abf4                __aeabi_cdcmpeq
                0x1800abf4                __aeabi_cdcmple
                0x1800ac04                __aeabi_dcmpeq
                0x1800ac18                __aeabi_dcmplt
                0x1800ac2c                __aeabi_dcmple
                0x1800ac40                __aeabi_dcmpge
                0x1800ac54                __aeabi_dcmpgt
 .text          0x1800ac68       0x2c c:/rtl/7-2017-q4/bin/../lib/gcc/arm-none-eabi/7.2.1/thumb/v7e-m/fpv4-sp/softfp\libgcc.a(_arm_unorddf2.o)
                0x1800ac68                __unorddf2
                0x1800ac68                __aeabi_dcmpun
 .text          0x1800ac94       0x50 c:/rtl/7-2017-q4/bin/../lib/gcc/arm-none-eabi/7.2.1/thumb/v7e-m/fpv4-sp/softfp\libgcc.a(_arm_fixdfsi.o)
                0x1800ac94                __aeabi_d2iz
                0x1800ac94                __fixdfsi
 .text          0x1800ace4       0x40 c:/rtl/7-2017-q4/bin/../lib/gcc/arm-none-eabi/7.2.1/thumb/v7e-m/fpv4-sp/softfp\libgcc.a(_arm_fixunsdfsi.o)
                0x1800ace4                __aeabi_d2uiz
                0x1800ace4                __fixunsdfsi
 .text          0x1800ad24       0xa0 c:/rtl/7-2017-q4/bin/../lib/gcc/arm-none-eabi/7.2.1/thumb/v7e-m/fpv4-sp/softfp\libgcc.a(_arm_truncdfsf2.o)
                0x1800ad24                __truncdfsf2
                0x1800ad24                __aeabi_d2f
 *(.init)
 .init          0x1800adc4        0x4 c:/rtl/7-2017-q4/bin/../lib/gcc/arm-none-eabi/7.2.1/thumb/v7e-m/fpv4-sp/softfp/crti.o
                0x1800adc4                _init
 .init          0x1800adc8        0x8 c:/rtl/7-2017-q4/bin/../lib/gcc/arm-none-eabi/7.2.1/thumb/v7e-m/fpv4-sp/softfp/crtn.o
 *(.fini)
 .fini          0x1800add0        0x4 c:/rtl/7-2017-q4/bin/../lib/gcc/arm-none-eabi/7.2.1/thumb/v7e-m/fpv4-sp/softfp/crti.o
                0x1800add0                _fini
 .fini          0x1800add4        0x8 c:/rtl/7-2017-q4/bin/../lib/gcc/arm-none-eabi/7.2.1/thumb/v7e-m/fpv4-sp/softfp/crtn.o
 *crtbegin.o(.ctors)
 *crtbegin?.o(.ctors)
 *(EXCLUDE_FILE(*crtend.o *crtend?.o) .ctors)
 *(SORT_BY_NAME(.ctors.*))
 *(.ctors)
 *crtbegin.o(.dtors)
 *crtbegin?.o(.dtors)
 *(EXCLUDE_FILE(*crtend.o *crtend?.o) .dtors)
 *(SORT_BY_NAME(.dtors.*))
 *(.dtors)
 *(.rodata*)
 .rodata.main.str1.1
                0x1800addc        0xe Debug/obj/main.o
 .rodata.pinmap_function.str1.1
                0x1800adea       0x1e Debug/obj/mbed_pinmap_common.o
 .rodata.pinmap_merge.str1.1
                0x1800ae08       0x11 Debug/obj/mbed_pinmap_common.o
 .rodata.pinmap_peripheral.str1.1
                0x1800ae19       0x20 Debug/obj/mbed_pinmap_common.o
 .rodata.pinmap_pinout.str1.1
                0x1800ae39       0x11 Debug/obj/mbed_pinmap_common.o
 *fill*         0x1800ae4a        0x2 
 .rodata.lp_data
                0x1800ae4c        0x8 Debug/obj/mbed_lp_ticker_api.o
 .rodata.lp_interface
                0x1800ae54       0x14 Debug/obj/mbed_lp_ticker_api.o
 .rodata.us_data
                0x1800ae68        0x8 Debug/obj/mbed_us_ticker_api.o
 .rodata.us_interface
                0x1800ae70       0x14 Debug/obj/mbed_us_ticker_api.o
 .rodata.PinMap_PWM
                0x1800ae84       0x9c Debug/obj/pwmout_api.o
 .rodata.CSWTCH.28
                0x1800af20        0x4 Debug/obj/serial_api.o
 .rodata.PinMap_UART_CTS
                0x1800af24       0x18 Debug/obj/serial_api.o
 .rodata.PinMap_UART_RTS
                0x1800af3c       0x18 Debug/obj/serial_api.o
 .rodata.PinMap_UART_RX
                0x1800af54       0x30 Debug/obj/serial_api.o
 .rodata.PinMap_UART_TX
                0x1800af84       0x30 Debug/obj/serial_api.o
 .rodata.PinMap_GPIO
                0x1800afb4      0x1a4 Debug/obj/gpio_api.o
 .rodata.BusFault_Handler_C.str1.1
                0x1800b158       0x18 Debug/obj/cmsis_nvic.o
 .rodata.HardFault_Handler_C.str1.1
                0x1800b170       0x24 Debug/obj/cmsis_nvic.o
 .rodata.MemManage_Handler_C.str1.1
                0x1800b194       0x19 Debug/obj/cmsis_nvic.o
 .rodata.NMI_Handler.str1.1
                0x1800b1ad       0x13 Debug/obj/cmsis_nvic.o
 .rodata.UsageFault_Handler_C.str1.1
                0x1800b1c0       0x1a Debug/obj/cmsis_nvic.o
 .rodata.show_regs.str1.1
                0x1800b1da      0x3ce Debug/obj/cmsis_nvic.o
 .rodata.stack_dump.str1.1
                0x1800b5a8       0x2d Debug/obj/cmsis_nvic.o
 *fill*         0x1800b5d5        0x3 
 .rodata.mp_stk_size
                0x1800b5d8        0x4 Debug/obj/RTX_Conf_CM.o
                0x1800b5d8                mp_stk_size
 .rodata.mp_tcb_size
                0x1800b5dc        0x2 Debug/obj/RTX_Conf_CM.o
                0x1800b5dc                mp_tcb_size
 .rodata.mp_tmr_size
                0x1800b5de        0x2 Debug/obj/RTX_Conf_CM.o
                0x1800b5de                mp_tmr_size
 .rodata.os_clockrate
                0x1800b5e0        0x4 Debug/obj/RTX_Conf_CM.o
                0x1800b5e0                os_clockrate
 .rodata.os_error.str1.1
                0x1800b5e4       0x29 Debug/obj/RTX_Conf_CM.o
 .rodata.os_fifo_size
                0x1800b60d        0x1 Debug/obj/RTX_Conf_CM.o
                0x1800b60d                os_fifo_size
 .rodata.os_flags
                0x1800b60e        0x1 Debug/obj/RTX_Conf_CM.o
                0x1800b60e                os_flags
 *fill*         0x1800b60f        0x1 
 .rodata.os_maxtaskrun
                0x1800b610        0x2 Debug/obj/RTX_Conf_CM.o
                0x1800b610                os_maxtaskrun
 *fill*         0x1800b612        0x2 
 .rodata.os_messageQ_def_osTimerMessageQ
                0x1800b614        0x8 Debug/obj/RTX_Conf_CM.o
                0x1800b614                os_messageQ_def_osTimerMessageQ
 .rodata.os_mutex_def_env_mutex
                0x1800b61c        0x4 Debug/obj/RTX_Conf_CM.o
                0x1800b61c                os_mutex_def_env_mutex
 .rodata.os_mutex_def_malloc_mutex
                0x1800b620        0x4 Debug/obj/RTX_Conf_CM.o
                0x1800b620                os_mutex_def_malloc_mutex
 .rodata.os_mutex_def_singleton_mutex
                0x1800b624        0x4 Debug/obj/RTX_Conf_CM.o
                0x1800b624                os_mutex_def_singleton_mutex
 .rodata.os_rrobin
                0x1800b628        0x4 Debug/obj/RTX_Conf_CM.o
                0x1800b628                os_rrobin
 .rodata.os_stackinfo
                0x1800b62c        0x4 Debug/obj/RTX_Conf_CM.o
                0x1800b62c                os_stackinfo
 .rodata.os_thread_def_osTimerThread
                0x1800b630       0x14 Debug/obj/RTX_Conf_CM.o
                0x1800b630                os_thread_def_osTimerThread
 .rodata.os_trv
                0x1800b644        0x4 Debug/obj/RTX_Conf_CM.o
                0x1800b644                os_trv
 .rodata._ZTIN10__cxxabiv120__si_class_type_infoE
                0x1800b648        0xc c:/rtl/7-2017-q4/bin/../lib/gcc/arm-none-eabi/7.2.1/../../../../arm-none-eabi/lib/thumb/v7e-m/fpv4-sp/softfp\libstdc++_nano.a(si_class_type_info.o)
                0x1800b648                typeinfo for __cxxabiv1::__si_class_type_info
 .rodata._ZTSN10__cxxabiv120__si_class_type_infoE
                0x1800b654       0x25 c:/rtl/7-2017-q4/bin/../lib/gcc/arm-none-eabi/7.2.1/../../../../arm-none-eabi/lib/thumb/v7e-m/fpv4-sp/softfp\libstdc++_nano.a(si_class_type_info.o)
                0x1800b654                typeinfo name for __cxxabiv1::__si_class_type_info
 *fill*         0x1800b679        0x3 
 .rodata._ZTVN10__cxxabiv120__si_class_type_infoE
                0x1800b67c       0x2c c:/rtl/7-2017-q4/bin/../lib/gcc/arm-none-eabi/7.2.1/../../../../arm-none-eabi/lib/thumb/v7e-m/fpv4-sp/softfp\libstdc++_nano.a(si_class_type_info.o)
                0x1800b67c                vtable for __cxxabiv1::__si_class_type_info
 .rodata._ZTISt9type_info
                0x1800b6a8        0x8 c:/rtl/7-2017-q4/bin/../lib/gcc/arm-none-eabi/7.2.1/../../../../arm-none-eabi/lib/thumb/v7e-m/fpv4-sp/softfp\libstdc++_nano.a(tinfo.o)
                0x1800b6a8                typeinfo for std::type_info
 .rodata._ZTSSt9type_info
                0x1800b6b0        0xd c:/rtl/7-2017-q4/bin/../lib/gcc/arm-none-eabi/7.2.1/../../../../arm-none-eabi/lib/thumb/v7e-m/fpv4-sp/softfp\libstdc++_nano.a(tinfo.o)
                0x1800b6b0                typeinfo name for std::type_info
 *fill*         0x1800b6bd        0x3 
 .rodata._ZTIN10__cxxabiv117__class_type_infoE
                0x1800b6c0        0xc c:/rtl/7-2017-q4/bin/../lib/gcc/arm-none-eabi/7.2.1/../../../../arm-none-eabi/lib/thumb/v7e-m/fpv4-sp/softfp\libstdc++_nano.a(class_type_info.o)
                0x1800b6c0                typeinfo for __cxxabiv1::__class_type_info
 .rodata._ZTSN10__cxxabiv117__class_type_infoE
                0x1800b6cc       0x22 c:/rtl/7-2017-q4/bin/../lib/gcc/arm-none-eabi/7.2.1/../../../../arm-none-eabi/lib/thumb/v7e-m/fpv4-sp/softfp\libstdc++_nano.a(class_type_info.o)
                0x1800b6cc                typeinfo name for __cxxabiv1::__class_type_info
 *fill*         0x1800b6ee        0x2 
 .rodata._ZTVN10__cxxabiv117__class_type_infoE
                0x1800b6f0       0x2c c:/rtl/7-2017-q4/bin/../lib/gcc/arm-none-eabi/7.2.1/../../../../arm-none-eabi/lib/thumb/v7e-m/fpv4-sp/softfp\libstdc++_nano.a(class_type_info.o)
                0x1800b6f0                vtable for __cxxabiv1::__class_type_info
 .rodata._ZTIN10__cxxabiv115__forced_unwindE
                0x1800b71c        0x8 c:/rtl/7-2017-q4/bin/../lib/gcc/arm-none-eabi/7.2.1/../../../../arm-none-eabi/lib/thumb/v7e-m/fpv4-sp/softfp\libstdc++_nano.a(eh_exception.o)
                0x1800b71c                typeinfo for __cxxabiv1::__forced_unwind
 .rodata._ZTIN10__cxxabiv119__foreign_exceptionE
                0x1800b724        0x8 c:/rtl/7-2017-q4/bin/../lib/gcc/arm-none-eabi/7.2.1/../../../../arm-none-eabi/lib/thumb/v7e-m/fpv4-sp/softfp\libstdc++_nano.a(eh_exception.o)
                0x1800b724                typeinfo for __cxxabiv1::__foreign_exception
 .rodata._ZTSN10__cxxabiv115__forced_unwindE
                0x1800b72c       0x20 c:/rtl/7-2017-q4/bin/../lib/gcc/arm-none-eabi/7.2.1/../../../../arm-none-eabi/lib/thumb/v7e-m/fpv4-sp/softfp\libstdc++_nano.a(eh_exception.o)
                0x1800b72c                typeinfo name for __cxxabiv1::__forced_unwind
 .rodata._ZTSN10__cxxabiv119__foreign_exceptionE
                0x1800b74c       0x24 c:/rtl/7-2017-q4/bin/../lib/gcc/arm-none-eabi/7.2.1/../../../../arm-none-eabi/lib/thumb/v7e-m/fpv4-sp/softfp\libstdc++_nano.a(eh_exception.o)
                0x1800b74c                typeinfo name for __cxxabiv1::__foreign_exception
 .rodata.__sf_fake_stderr
                0x1800b770       0x20 c:/rtl/7-2017-q4/bin/../lib/gcc/arm-none-eabi/7.2.1/../../../../arm-none-eabi/lib/thumb/v7e-m/fpv4-sp/softfp\libc_nano.a(lib_a-findfp.o)
                0x1800b770                __sf_fake_stderr
 .rodata.__sf_fake_stdin
                0x1800b790       0x20 c:/rtl/7-2017-q4/bin/../lib/gcc/arm-none-eabi/7.2.1/../../../../arm-none-eabi/lib/thumb/v7e-m/fpv4-sp/softfp\libc_nano.a(lib_a-findfp.o)
                0x1800b790                __sf_fake_stdin
 .rodata.__sf_fake_stdout
                0x1800b7b0       0x20 c:/rtl/7-2017-q4/bin/../lib/gcc/arm-none-eabi/7.2.1/../../../../arm-none-eabi/lib/thumb/v7e-m/fpv4-sp/softfp\libc_nano.a(lib_a-findfp.o)
                0x1800b7b0                __sf_fake_stdout
 .rodata._global_impure_ptr
                0x1800b7d0        0x4 c:/rtl/7-2017-q4/bin/../lib/gcc/arm-none-eabi/7.2.1/../../../../arm-none-eabi/lib/thumb/v7e-m/fpv4-sp/softfp\libc_nano.a(lib_a-impure.o)
                0x1800b7d0                _global_impure_ptr
 .rodata._vfprintf_r.str1.1
                0x1800b7d4       0x11 c:/rtl/7-2017-q4/bin/../lib/gcc/arm-none-eabi/7.2.1/../../../../arm-none-eabi/lib/thumb/v7e-m/fpv4-sp/softfp\libc_nano.a(lib_a-nano-vfprintf.o)
 .rodata._printf_float.str1.1
                0x1800b7e5       0x12 c:/rtl/7-2017-q4/bin/../lib/gcc/arm-none-eabi/7.2.1/../../../../arm-none-eabi/lib/thumb/v7e-m/fpv4-sp/softfp\libc_nano.a(lib_a-nano-vfprintf_float.o)
 .rodata._printf_i.str1.1
                0x1800b7f7       0x22 c:/rtl/7-2017-q4/bin/../lib/gcc/arm-none-eabi/7.2.1/../../../../arm-none-eabi/lib/thumb/v7e-m/fpv4-sp/softfp\libc_nano.a(lib_a-nano-vfprintf_i.o)
 .rodata._scanf_float.str1.1
                0x1800b819        0x5 c:/rtl/7-2017-q4/bin/../lib/gcc/arm-none-eabi/7.2.1/../../../../arm-none-eabi/lib/thumb/v7e-m/fpv4-sp/softfp\libc_nano.a(lib_a-nano-vfscanf_float.o)
 .rodata._strtod_l.str1.1
                0x1800b81e        0x5 c:/rtl/7-2017-q4/bin/../lib/gcc/arm-none-eabi/7.2.1/../../../../arm-none-eabi/lib/thumb/v7e-m/fpv4-sp/softfp\libc_nano.a(lib_a-strtod.o)
                                  0xc (size before relaxing)
 *fill*         0x1800b81e        0x2 
 .rodata.fpi.7431
                0x1800b820       0x14 c:/rtl/7-2017-q4/bin/../lib/gcc/arm-none-eabi/7.2.1/../../../../arm-none-eabi/lib/thumb/v7e-m/fpv4-sp/softfp\libc_nano.a(lib_a-strtod.o)
 .rodata.fpinan.7467
                0x1800b834       0x14 c:/rtl/7-2017-q4/bin/../lib/gcc/arm-none-eabi/7.2.1/../../../../arm-none-eabi/lib/thumb/v7e-m/fpv4-sp/softfp\libc_nano.a(lib_a-strtod.o)
 .rodata.tinytens
                0x1800b848       0x28 c:/rtl/7-2017-q4/bin/../lib/gcc/arm-none-eabi/7.2.1/../../../../arm-none-eabi/lib/thumb/v7e-m/fpv4-sp/softfp\libc_nano.a(lib_a-strtod.o)
 .rodata._dtoa_r.str1.1
                0x1800b870        0xd c:/rtl/7-2017-q4/bin/../lib/gcc/arm-none-eabi/7.2.1/../../../../arm-none-eabi/lib/thumb/v7e-m/fpv4-sp/softfp\libc_nano.a(lib_a-dtoa.o)
                                  0xf (size before relaxing)
 .rodata._setlocale_r.str1.1
                0x1800b87d        0x8 c:/rtl/7-2017-q4/bin/../lib/gcc/arm-none-eabi/7.2.1/../../../../arm-none-eabi/lib/thumb/v7e-m/fpv4-sp/softfp\libc_nano.a(lib_a-locale.o)
                                  0x9 (size before relaxing)
 .rodata.str1.1
                0x1800b885        0x2 c:/rtl/7-2017-q4/bin/../lib/gcc/arm-none-eabi/7.2.1/../../../../arm-none-eabi/lib/thumb/v7e-m/fpv4-sp/softfp\libc_nano.a(lib_a-locale.o)
 *fill*         0x1800b887        0x1 
 .rodata.__mprec_bigtens
                0x1800b888       0x28 c:/rtl/7-2017-q4/bin/../lib/gcc/arm-none-eabi/7.2.1/../../../../arm-none-eabi/lib/thumb/v7e-m/fpv4-sp/softfp\libc_nano.a(lib_a-mprec.o)
                0x1800b888                __mprec_bigtens
 .rodata.__mprec_tens
                0x1800b8b0       0xc8 c:/rtl/7-2017-q4/bin/../lib/gcc/arm-none-eabi/7.2.1/../../../../arm-none-eabi/lib/thumb/v7e-m/fpv4-sp/softfp\libc_nano.a(lib_a-mprec.o)
                0x1800b8b0                __mprec_tens
 .rodata.p05.7359
                0x1800b978        0xc c:/rtl/7-2017-q4/bin/../lib/gcc/arm-none-eabi/7.2.1/../../../../arm-none-eabi/lib/thumb/v7e-m/fpv4-sp/softfp\libc_nano.a(lib_a-mprec.o)
 .rodata._svfprintf_r.str1.1
                0x1800b984       0x11 c:/rtl/7-2017-q4/bin/../lib/gcc/arm-none-eabi/7.2.1/../../../../arm-none-eabi/lib/thumb/v7e-m/fpv4-sp/softfp\libc_nano.a(lib_a-nano-svfprintf.o)
 .rodata._ctype_
                0x1800b984      0x101 c:/rtl/7-2017-q4/bin/../lib/gcc/arm-none-eabi/7.2.1/../../../../arm-none-eabi/lib/thumb/v7e-m/fpv4-sp/softfp\libc_nano.a(lib_a-ctype_.o)
                0x1800b984                _ctype_
 *fill*         0x1800ba85        0x3 
 .rodata        0x1800ba88       0x1c SDK/hal/targets/hal/TARGET_RDA/TARGET_UNO_91H/TOOLCHAIN_GCC_ARM\libhal.a(rda_ccfg_api.o)
 *(.eh_frame*)
 .eh_frame      0x1800baa4        0x0 c:/rtl/7-2017-q4/bin/../lib/gcc/arm-none-eabi/7.2.1/thumb/v7e-m/fpv4-sp/softfp/crtbegin.o
 .eh_frame      0x1800baa4        0x4 c:/rtl/7-2017-q4/bin/../lib/gcc/arm-none-eabi/7.2.1/thumb/v7e-m/fpv4-sp/softfp/crtend.o

.glue_7         0x1800baa8        0x0
 .glue_7        0x1800baa8        0x0 linker stubs

.glue_7t        0x1800baa8        0x0
 .glue_7t       0x1800baa8        0x0 linker stubs

.vfp11_veneer   0x1800baa8        0x0
 .vfp11_veneer  0x1800baa8        0x0 linker stubs

.v4_bx          0x1800baa8        0x0
 .v4_bx         0x1800baa8        0x0 linker stubs

.iplt           0x1800baa8        0x0
 .iplt          0x1800baa8        0x0 c:/rtl/7-2017-q4/bin/../lib/gcc/arm-none-eabi/7.2.1/thumb/v7e-m/fpv4-sp/softfp/crtbegin.o

.ARM.extab      0x1800baa8       0x6c
 *(.ARM.extab* .gnu.linkonce.armextab.*)
 .ARM.extab.text.startup.main
                0x1800baa8        0xc Debug/obj/main.o
 .ARM.extab.text._ZL11init_serialv
                0x1800bab4        0xc Debug/obj/retarget.o
 .ARM.extab.text._fstat
                0x1800bac0        0xc Debug/obj/retarget.o
 .ARM.extab.text.software_init_hook
                0x1800bacc        0xc Debug/obj/retarget.o
 .ARM.extab.text.__wrap_main
                0x1800bad8        0xc Debug/obj/retarget.o
 .ARM.extab.text.__malloc_lock
                0x1800bae4        0xc Debug/obj/retarget.o
 .ARM.extab.text.__malloc_unlock
                0x1800baf0        0xc Debug/obj/retarget.o
 .ARM.extab     0x1800bafc       0x18 c:/rtl/7-2017-q4/bin/../lib/gcc/arm-none-eabi/7.2.1/thumb/v7e-m/fpv4-sp/softfp\libgcc.a(pr-support.o)
                0x1800bb14                __exidx_start = .

.ARM.exidx      0x1800bb14      0x138
 *(.ARM.exidx* .gnu.linkonce.armexidx.*)
 .ARM.exidx     0x1800bb14        0x8 c:/rtl/7-2017-q4/bin/../lib/gcc/arm-none-eabi/7.2.1/../../../../arm-none-eabi/lib/thumb/v7e-m/fpv4-sp/softfp/crt0.o
 .ARM.exidx.text.startup.main
                0x1800bb1c        0x8 Debug/obj/main.o
 .ARM.exidx.text.startup._GLOBAL__sub_I_pwm0
                0x1800bb24        0x8 Debug/obj/main.o
 .ARM.exidx.text._ZL11init_serialv
                0x1800bb2c        0x8 Debug/obj/retarget.o
 .ARM.exidx.text._close
                0x1800bb34        0x8 Debug/obj/retarget.o
 .ARM.exidx.text._write
                0x1800bb3c        0x8 Debug/obj/retarget.o
 .ARM.exidx.text._read